dfu.c:121:12:dfu_write_buffer_drain	32	static
dfu.c:26:6:dfu_reset	0	static
dfu.c:31:6:dfu_trigger_reset	0	static
dfu.c:73:16:dfu_free_buf	8	static
dfu.c:80:15:dfu_get_buf_size	0	static
dfu.c:85:16:dfu_get_buf	16	static
dfu.c:150:5:dfu_flush	16	static
dfu.c:178:5:dfu_write	48	static
dfu.c:303:5:dfu_read	48	static
dfu.c:412:6:dfu_free_entities	8	static
dfu.c:427:5:dfu_config_entities	64	static
dfu.c:47:5:dfu_init_env_entities	16	static
dfu.c:461:13:dfu_get_dev_type	40	static
dfu.c:467:13:dfu_get_layout	48	static
dfu.c:474:6:dfu_show_entities	24	static
dfu.c:487:5:dfu_get_alt_number	0	static
dfu.c:492:20:dfu_get_entity	0	static
dfu.c:504:5:dfu_get_alt	16	static
