glue.c:293:12:dev_net_valid	0	static
glue.c:41:5:api_search_sig	48	static
glue.c:76:5:ub_getc	16	static
glue.c:86:5:ub_tstc	16	static
glue.c:96:6:ub_putc	16	static
glue.c:101:6:ub_puts	0	static
glue.c:112:6:ub_reset	0	static
glue.c:120:19:ub_get_sys_info	24	static
glue.c:141:6:ub_udelay	16	static
glue.c:146:15:ub_get_timer	24	static
glue.c:167:22:ub_dev_get	0	static
glue.c:178:5:ub_dev_enum	16	static
glue.c:212:5:ub_dev_open	16	static
glue.c:228:5:ub_dev_close	8	static
glue.c:273:5:ub_dev_read	48	static
glue.c:304:5:ub_dev_recv	40	static
glue.c:322:5:ub_dev_send	40	static
glue.c:343:8:ub_env_get	16	static
glue.c:353:6:ub_env_set	0	static
glue.c:360:14:ub_env_enum	16	static
glue.c:395:5:ub_display_get_info	16	static
glue.c:405:5:ub_display_draw_bitmap	24	static
glue.c:415:6:ub_display_clear	0	static
