cfi_flash.c:192:13:flash_make_cmd	32	static
cfi_flash.c:383:12:flash_isequal	24	static
cfi_flash.c:431:12:flash_isset	24	static
cfi_flash.c:719:21:find_sector	8	static
cfi_flash.c:1603:13:cfi_reverse_geometry	32	static
cfi_flash.c:673:13:5	12	static
cfi_flash.c:90:20:cfi_flash_bank_addr	0	static
cfi_flash.c:95:22:cfi_flash_bank_size	0	static
cfi_flash.c:149:15:flash_get_info	0	static
cfi_flash.c:165:15:flash_sector_size	0	static
cfi_flash.c:326:6:flash_write_cmd	24	static
cfi_flash.c:375:13:flash_unlock_seq	16	static
cfi_flash.c:530:12:flash_status_check	40	static
cfi_flash.c:568:12:flash_full_status_check	24	static
cfi_flash.c:745:12:flash_write_cfiword	40	static
cfi_flash.c:1015:5:flash_erase	24	static
cfi_flash.c:1164:6:flash_print_info	32	static
cfi_flash.c:1279:5:write_buff	88	static
cfi_flash.c:1830:13:__flash_cmd_reset	8	static
cfi_flash.c:2017:7:flash_get_size	104	static
cfi_flash.c:2271:6:flash_protect_default	8	static
cfi_flash.c:2318:15:flash_init	16	static
