mmc.c:783:13:mmc_set_ios	8	static
mmc.c:534:12:mmc_set_capacity	16	static
mmc.c:24:12:board_mmc_getwp	0	static
mmc.c:29:5:mmc_getwp	8	static
mmc.c:45:5:__board_mmc_getcd	0	static
mmc.c:52:5:mmc_send_cmd	8	static
mmc.c:269:12:mmc_go_idle	40	static
mmc.c:356:12:mmc_send_op_cond_iter	16	static
mmc.c:441:12:mmc_send_ext_csd	56	static
mmc.c:110:5:mmc_send_status	48	static
mmc.c:463:12:1	40	static
mmc.c:160:5:mmc_set_blocklen	40	static
mmc.c:174:13:find_mmc_device	8	static
mmc.c:234:14:mmc_bread	80	static
mmc.c:380:5:mmc_send_op_cond	48	static
mmc.c:402:5:mmc_complete_op_cond	48	static
mmc.c:588:5:mmc_switch_part	16	static
mmc.c:562:5:mmc_select_hwpart	16	static
mmc.c:605:5:mmc_getcd	8	static
mmc.c:789:6:mmc_set_clock	0	static
mmc.c:809:12:mmc_startup	1320	static
mmc.c:1210:18:mmc_register	8	static
mmc.c:1218:13:mmc_create	16	static
mmc.c:1257:6:mmc_destroy	0	static
mmc.c:1274:5:mmc_start_init	56	static
mmc.c:1349:5:mmc_init	8	static
mmc.c:1264:19:mmc_get_dev	8	static
mmc.c:1368:5:mmc_set_dsr	0	static
mmc.c:1378:12:__def_mmc_init	0	static
mmc.c:1388:6:print_mmc_devices	24	static
mmc.c:1409:5:get_mmc_num	0	static
mmc.c:1414:6:mmc_set_preinit	0	static
mmc.c:1433:5:mmc_initialize	16	static
