fdt_support.c:997:12:of_bus_default_map	48	static
fdt_support.c:975:13:of_bus_default_count_cells	24	static
fdt_support.c:24:12:get_cells_len	8	static
fdt_support.c:1445:12:fdt_read_prop	12	static
fdt_support.c:1014:12:of_bus_default_translate	40	static
fdt_support.c:124:12:6	16	static
fdt_support.c:47:5:fdt_getprop_u32_default_node	24	static
fdt_support.c:77:5:fdt_getprop_u32_default	24	static
fdt_support.c:101:5:fdt_find_and_setprop	32	static
fdt_support.c:213:5:fdt_initrd	72	static
fdt_support.c:273:5:fdt_chosen	24	static
fdt_support.c:304:6:do_fixup_by_path	24	static
fdt_support.c:320:6:do_fixup_by_path_u32	24	static
fdt_support.c:327:6:do_fixup_by_prop	40	static
fdt_support.c:348:6:do_fixup_by_prop_u32	32	static
fdt_support.c:356:6:do_fixup_by_compat	40	static
fdt_support.c:375:6:do_fixup_by_compat_u32	24	static
fdt_support.c:415:5:fdt_fixup_memory_banks	56	static
fdt_support.c:458:5:fdt_fixup_memory	16	static
fdt_support.c:463:6:fdt_fixup_ethernet	88	static
fdt_support.c:511:5:fdt_resize	48	static
fdt_support.c:701:5:fdt_increase_size	0	static
fdt_support.c:920:6:fdt_del_node_and_alias	16	static
fdt_support.c:1174:5:fdt_translate_address	120	static
fdt_support.c:1188:5:fdt_node_offset_by_compat_reg	32	static
fdt_support.c:1209:5:fdt_alloc_phandle	16	static
fdt_support.c:1228:5:fdt_set_phandle	40	static
fdt_support.c:1267:14:fdt_create_phandle	16	static
fdt_support.c:1297:5:fdt_set_node_status	40	static
fdt_support.c:1338:5:fdt_set_status_by_alias	16	static
fdt_support.c:1384:5:fdt_verify_alias_address	48	static
fdt_support.c:1425:5:fdt_get_base_address	24	static
fdt_support.c:1481:5:fdt_read_range	56	static
