16:12:53 **** Auto Build of configuration Debug for project zedboard_lwip_test ****
make all 
Building file: ../src/echo.c
Invoking: ARM gcc compiler
arm-xilinx-eabi-gcc -Wall -O0 -g3 -c -fmessage-length=0 -MT"src/echo.o" -I../../zedboard_lwip_test_bsp/ps7_cortexa9_0/include -MMD -MP -MF"src/echo.d" -MT"src/echo.d" -o "src/echo.o" "../src/echo.c"
Finished building: ../src/echo.c
 
Building file: ../src/ethfmc_axie.c
Invoking: ARM gcc compiler
arm-xilinx-eabi-gcc -Wall -O0 -g3 -c -fmessage-length=0 -MT"src/ethfmc_axie.o" -I../../zedboard_lwip_test_bsp/ps7_cortexa9_0/include -MMD -MP -MF"src/ethfmc_axie.d" -MT"src/ethfmc_axie.d" -o "src/ethfmc_axie.o" "../src/ethfmc_axie.c"
Finished building: ../src/ethfmc_axie.c
 
Building file: ../src/i2c_access.c
Invoking: ARM gcc compiler
arm-xilinx-eabi-gcc -Wall -O0 -g3 -c -fmessage-length=0 -MT"src/i2c_access.o" -I../../zedboard_lwip_test_bsp/ps7_cortexa9_0/include -MMD -MP -MF"src/i2c_access.d" -MT"src/i2c_access.d" -o "src/i2c_access.o" "../src/i2c_access.c"
Finished building: ../src/i2c_access.c
 
Building file: ../src/main.c
Invoking: ARM gcc compiler
arm-xilinx-eabi-gcc -Wall -O0 -g3 -c -fmessage-length=0 -MT"src/main.o" -I../../zedboard_lwip_test_bsp/ps7_cortexa9_0/include -MMD -MP -MF"src/main.d" -MT"src/main.d" -o "src/main.o" "../src/main.c"
Finished building: ../src/main.c
 
Building file: ../src/platform_zynq.c
Invoking: ARM gcc compiler
arm-xilinx-eabi-gcc -Wall -O0 -g3 -c -fmessage-length=0 -MT"src/platform_zynq.o" -I../../zedboard_lwip_test_bsp/ps7_cortexa9_0/include -MMD -MP -MF"src/platform_zynq.d" -MT"src/platform_zynq.d" -o "src/platform_zynq.o" "../src/platform_zynq.c"
Finished building: ../src/platform_zynq.c
 
Building file: ../src/sfp.c
Invoking: ARM gcc compiler
arm-xilinx-eabi-gcc -Wall -O0 -g3 -c -fmessage-length=0 -MT"src/sfp.o" -I../../zedboard_lwip_test_bsp/ps7_cortexa9_0/include -MMD -MP -MF"src/sfp.d" -MT"src/sfp.d" -o "src/sfp.o" "../src/sfp.c"
Finished building: ../src/sfp.c
 
Building file: ../src/si5324.c
Invoking: ARM gcc compiler
arm-xilinx-eabi-gcc -Wall -O0 -g3 -c -fmessage-length=0 -MT"src/si5324.o" -I../../zedboard_lwip_test_bsp/ps7_cortexa9_0/include -MMD -MP -MF"src/si5324.d" -MT"src/si5324.d" -o "src/si5324.o" "../src/si5324.c"
Finished building: ../src/si5324.c
 
Building target: zedboard_lwip_test.elf
Invoking: ARM gcc linker
arm-xilinx-eabi-gcc -Wl,-T -Wl,../src/lscript.ld -L../../zedboard_lwip_test_bsp/ps7_cortexa9_0/lib -o "zedboard_lwip_test.elf"  ./src/echo.o ./src/ethfmc_axie.o ./src/i2c_access.o ./src/main.o ./src/platform.o ./src/platform_mb.o ./src/platform_ppc.o ./src/platform_zynq.o ./src/sfp.o ./src/si5324.o   -Wl,--start-group,-lxil,-lgcc,-lc,--end-group -Wl,--start-group,-lxil,-llwip4,-lgcc,-lc,--end-group
Finished building target: zedboard_lwip_test.elf
 
Invoking: ARM Print Size
arm-xilinx-eabi-size zedboard_lwip_test.elf  |tee "zedboard_lwip_test.elf.size"
   text	   data	    bss	    dec	    hex	filename
 131096	   3640	 755900	 890636	  d970c	zedboard_lwip_test.elf
Finished building: zedboard_lwip_test.elf.size
 

16:12:54 Build Finished (took 364ms)

