13:45:35 **** Auto Build of configuration Debug for project zedboard_ethernet_test ****
make all 
Building file: ../src/ethfmc_axie.c
Invoking: ARM gcc compiler
arm-xilinx-eabi-gcc -Wall -O0 -g3 -c -fmessage-length=0 -MT"src/ethfmc_axie.o" -I../../zedboard_ethernet_test_bsp/ps7_cortexa9_0/include -MMD -MP -MF"src/ethfmc_axie.d" -MT"src/ethfmc_axie.d" -o "src/ethfmc_axie.o" "../src/ethfmc_axie.c"
Finished building: ../src/ethfmc_axie.c
 
Building file: ../src/platform_zynq.c
Invoking: ARM gcc compiler
arm-xilinx-eabi-gcc -Wall -O0 -g3 -c -fmessage-length=0 -MT"src/platform_zynq.o" -I../../zedboard_ethernet_test_bsp/ps7_cortexa9_0/include -MMD -MP -MF"src/platform_zynq.d" -MT"src/platform_zynq.d" -o "src/platform_zynq.o" "../src/platform_zynq.c"
Finished building: ../src/platform_zynq.c
 
Building file: ../src/sfp.c
Invoking: ARM gcc compiler
arm-xilinx-eabi-gcc -Wall -O0 -g3 -c -fmessage-length=0 -MT"src/sfp.o" -I../../zedboard_ethernet_test_bsp/ps7_cortexa9_0/include -MMD -MP -MF"src/sfp.d" -MT"src/sfp.d" -o "src/sfp.o" "../src/sfp.c"
Finished building: ../src/sfp.c
 
Building file: ../src/si5324.c
Invoking: ARM gcc compiler
arm-xilinx-eabi-gcc -Wall -O0 -g3 -c -fmessage-length=0 -MT"src/si5324.o" -I../../zedboard_ethernet_test_bsp/ps7_cortexa9_0/include -MMD -MP -MF"src/si5324.d" -MT"src/si5324.d" -o "src/si5324.o" "../src/si5324.c"
Finished building: ../src/si5324.c
 
Building file: ../src/testperiph.c
Invoking: ARM gcc compiler
arm-xilinx-eabi-gcc -Wall -O0 -g3 -c -fmessage-length=0 -MT"src/testperiph.o" -I../../zedboard_ethernet_test_bsp/ps7_cortexa9_0/include -MMD -MP -MF"src/testperiph.d" -MT"src/testperiph.d" -o "src/testperiph.o" "../src/testperiph.c"
Finished building: ../src/testperiph.c
 
Building file: ../src/xaxiethernet_example_intr_sgdma.c
Invoking: ARM gcc compiler
arm-xilinx-eabi-gcc -Wall -O0 -g3 -c -fmessage-length=0 -MT"src/xaxiethernet_example_intr_sgdma.o" -I../../zedboard_ethernet_test_bsp/ps7_cortexa9_0/include -MMD -MP -MF"src/xaxiethernet_example_intr_sgdma.d" -MT"src/xaxiethernet_example_intr_sgdma.d" -o "src/xaxiethernet_example_intr_sgdma.o" "../src/xaxiethernet_example_intr_sgdma.c"
Finished building: ../src/xaxiethernet_example_intr_sgdma.c
 
Building file: ../src/xaxiethernet_example_util.c
Invoking: ARM gcc compiler
arm-xilinx-eabi-gcc -Wall -O0 -g3 -c -fmessage-length=0 -MT"src/xaxiethernet_example_util.o" -I../../zedboard_ethernet_test_bsp/ps7_cortexa9_0/include -MMD -MP -MF"src/xaxiethernet_example_util.d" -MT"src/xaxiethernet_example_util.d" -o "src/xaxiethernet_example_util.o" "../src/xaxiethernet_example_util.c"
Finished building: ../src/xaxiethernet_example_util.c
 
Building file: ../src/xdevcfg_selftest_example.c
Invoking: ARM gcc compiler
arm-xilinx-eabi-gcc -Wall -O0 -g3 -c -fmessage-length=0 -MT"src/xdevcfg_selftest_example.o" -I../../zedboard_ethernet_test_bsp/ps7_cortexa9_0/include -MMD -MP -MF"src/xdevcfg_selftest_example.d" -MT"src/xdevcfg_selftest_example.d" -o "src/xdevcfg_selftest_example.o" "../src/xdevcfg_selftest_example.c"
Finished building: ../src/xdevcfg_selftest_example.c
 
Building file: ../src/xdmaps_example_w_intr.c
Invoking: ARM gcc compiler
arm-xilinx-eabi-gcc -Wall -O0 -g3 -c -fmessage-length=0 -MT"src/xdmaps_example_w_intr.o" -I../../zedboard_ethernet_test_bsp/ps7_cortexa9_0/include -MMD -MP -MF"src/xdmaps_example_w_intr.d" -MT"src/xdmaps_example_w_intr.d" -o "src/xdmaps_example_w_intr.o" "../src/xdmaps_example_w_intr.c"
Finished building: ../src/xdmaps_example_w_intr.c
 
Building file: ../src/xemacps_example_intr_dma.c
Invoking: ARM gcc compiler
arm-xilinx-eabi-gcc -Wall -O0 -g3 -c -fmessage-length=0 -MT"src/xemacps_example_intr_dma.o" -I../../zedboard_ethernet_test_bsp/ps7_cortexa9_0/include -MMD -MP -MF"src/xemacps_example_intr_dma.d" -MT"src/xemacps_example_intr_dma.d" -o "src/xemacps_example_intr_dma.o" "../src/xemacps_example_intr_dma.c"
Finished building: ../src/xemacps_example_intr_dma.c
 
Building file: ../src/xemacps_example_util.c
Invoking: ARM gcc compiler
arm-xilinx-eabi-gcc -Wall -O0 -g3 -c -fmessage-length=0 -MT"src/xemacps_example_util.o" -I../../zedboard_ethernet_test_bsp/ps7_cortexa9_0/include -MMD -MP -MF"src/xemacps_example_util.d" -MT"src/xemacps_example_util.d" -o "src/xemacps_example_util.o" "../src/xemacps_example_util.c"
Finished building: ../src/xemacps_example_util.c
 
Building file: ../src/xqspips_selftest_example.c
Invoking: ARM gcc compiler
arm-xilinx-eabi-gcc -Wall -O0 -g3 -c -fmessage-length=0 -MT"src/xqspips_selftest_example.o" -I../../zedboard_ethernet_test_bsp/ps7_cortexa9_0/include -MMD -MP -MF"src/xqspips_selftest_example.d" -MT"src/xqspips_selftest_example.d" -o "src/xqspips_selftest_example.o" "../src/xqspips_selftest_example.c"
Finished building: ../src/xqspips_selftest_example.c
 
Building file: ../src/xscugic_tapp_example.c
Invoking: ARM gcc compiler
arm-xilinx-eabi-gcc -Wall -O0 -g3 -c -fmessage-length=0 -MT"src/xscugic_tapp_example.o" -I../../zedboard_ethernet_test_bsp/ps7_cortexa9_0/include -MMD -MP -MF"src/xscugic_tapp_example.d" -MT"src/xscugic_tapp_example.d" -o "src/xscugic_tapp_example.o" "../src/xscugic_tapp_example.c"
Finished building: ../src/xscugic_tapp_example.c
 
Building file: ../src/xscutimer_intr_example.c
Invoking: ARM gcc compiler
arm-xilinx-eabi-gcc -Wall -O0 -g3 -c -fmessage-length=0 -MT"src/xscutimer_intr_example.o" -I../../zedboard_ethernet_test_bsp/ps7_cortexa9_0/include -MMD -MP -MF"src/xscutimer_intr_example.d" -MT"src/xscutimer_intr_example.d" -o "src/xscutimer_intr_example.o" "../src/xscutimer_intr_example.c"
Finished building: ../src/xscutimer_intr_example.c
 
Building file: ../src/xscutimer_polled_example.c
Invoking: ARM gcc compiler
arm-xilinx-eabi-gcc -Wall -O0 -g3 -c -fmessage-length=0 -MT"src/xscutimer_polled_example.o" -I../../zedboard_ethernet_test_bsp/ps7_cortexa9_0/include -MMD -MP -MF"src/xscutimer_polled_example.d" -MT"src/xscutimer_polled_example.d" -o "src/xscutimer_polled_example.o" "../src/xscutimer_polled_example.c"
Finished building: ../src/xscutimer_polled_example.c
 
Building file: ../src/xscuwdt_intr_example.c
Invoking: ARM gcc compiler
arm-xilinx-eabi-gcc -Wall -O0 -g3 -c -fmessage-length=0 -MT"src/xscuwdt_intr_example.o" -I../../zedboard_ethernet_test_bsp/ps7_cortexa9_0/include -MMD -MP -MF"src/xscuwdt_intr_example.d" -MT"src/xscuwdt_intr_example.d" -o "src/xscuwdt_intr_example.o" "../src/xscuwdt_intr_example.c"
Finished building: ../src/xscuwdt_intr_example.c
 
Building target: zedboard_ethernet_test.elf
Invoking: ARM gcc linker
arm-xilinx-eabi-gcc -Wl,-T -Wl,../src/lscript.ld -L../../zedboard_ethernet_test_bsp/ps7_cortexa9_0/lib -o "zedboard_ethernet_test.elf"  ./src/ethfmc_axie.o ./src/platform.o ./src/platform_mb.o ./src/platform_ppc.o ./src/platform_zynq.o ./src/sfp.o ./src/si5324.o ./src/testperiph.o ./src/xaxiethernet_example_intr_sgdma.o ./src/xaxiethernet_example_util.o ./src/xdevcfg_selftest_example.o ./src/xdmaps_example_w_intr.o ./src/xemacps_example_intr_dma.o ./src/xemacps_example_util.o ./src/xqspips_selftest_example.o ./src/xscugic_tapp_example.o ./src/xscutimer_intr_example.o ./src/xscutimer_polled_example.o ./src/xscuwdt_intr_example.o   -Wl,--start-group,-lxil,-lgcc,-lc,--end-group -Wl,--start-group,-lxil,-llwip4,-lgcc,-lc,--end-group
Finished building target: zedboard_ethernet_test.elf
 
Invoking: ARM Print Size
arm-xilinx-eabi-size zedboard_ethernet_test.elf  |tee "zedboard_ethernet_test.elf.size"
   text	   data	    bss	    dec	    hex	filename
 135912	   3528	 727344	 866784	  d39e0	zedboard_ethernet_test.elf
Finished building: zedboard_ethernet_test.elf.size
 

13:45:36 Build Finished (took 927ms)

