Archive member included to satisfy reference by file (symbol)

/opt/Xilinx/SDK/2014.4/gnu/arm/lin/bin/../lib/gcc/arm-xilinx-linux-gnueabi/4.8.3/libgcc.a(_udivsi3.o)
                              arch/arm/cpu/armv7/zynq/built-in.o (__aeabi_uidiv)
/opt/Xilinx/SDK/2014.4/gnu/arm/lin/bin/../lib/gcc/arm-xilinx-linux-gnueabi/4.8.3/libgcc.a(_divsi3.o)
                              common/built-in.o (__aeabi_idiv)
/opt/Xilinx/SDK/2014.4/gnu/arm/lin/bin/../lib/gcc/arm-xilinx-linux-gnueabi/4.8.3/libgcc.a(_lshrdi3.o)
                              fs/built-in.o (__aeabi_llsr)
/opt/Xilinx/SDK/2014.4/gnu/arm/lin/bin/../lib/gcc/arm-xilinx-linux-gnueabi/4.8.3/libgcc.a(_ashldi3.o)
                              drivers/mmc/built-in.o (__aeabi_llsl)
/opt/Xilinx/SDK/2014.4/gnu/arm/lin/bin/../lib/gcc/arm-xilinx-linux-gnueabi/4.8.3/libgcc.a(_dvmd_lnx.o)
                              /opt/Xilinx/SDK/2014.4/gnu/arm/lin/bin/../lib/gcc/arm-xilinx-linux-gnueabi/4.8.3/libgcc.a(_udivsi3.o) (__aeabi_idiv0)

Discarded input sections

 .data          0x00000000        0x0 arch/arm/cpu/armv7/start.o
 .bss           0x00000000        0x0 arch/arm/cpu/armv7/start.o
 .text          0x00000000        0x0 api/built-in.o
 .data          0x00000000        0x0 api/built-in.o
 .bss           0x00000000        0x0 api/built-in.o
 .text          0x00000000        0x0 arch/arm/cpu/armv7/built-in.o
 .text.sdelay   0x00000000        0xc arch/arm/cpu/armv7/built-in.o
 .text.wait_on_value
                0x00000000       0x34 arch/arm/cpu/armv7/built-in.o
 .data          0x00000000        0x0 arch/arm/cpu/armv7/built-in.o
 .bss           0x00000000        0x0 arch/arm/cpu/armv7/built-in.o
 .text.zynq_get_silicon_version
                0x00000000       0x14 arch/arm/cpu/armv7/zynq/built-in.o
 .text.zynq_clk_get_name
                0x00000000       0x18 arch/arm/cpu/armv7/zynq/built-in.o
 .data          0x00000000        0x0 arch/arm/cpu/armv7/zynq/built-in.o
 .bss           0x00000000        0x0 arch/arm/cpu/armv7/zynq/built-in.o
 .text.setup_board_tags
                0x00000000        0x4 arch/arm/lib/built-in.o
 .text.flush_cache
                0x00000000        0x4 arch/arm/lib/built-in.o
 .text.flush_dcache_all
                0x00000000        0xc arch/arm/lib/built-in.o
 .text.enable_caches
                0x00000000        0xc arch/arm/lib/built-in.o
 .text.arm_init_before_mmu
                0x00000000        0x4 arch/arm/lib/built-in.o
 .text.mmu_page_table_flush
                0x00000000        0x4 arch/arm/lib/built-in.o
 .data          0x00000000        0x0 arch/arm/lib/built-in.o
 .bss           0x00000000        0x0 arch/arm/lib/built-in.o
 .text          0x00000000        0x0 board/xilinx/zynq/built-in.o
 .data          0x00000000        0x0 board/xilinx/zynq/built-in.o
 .bss           0x00000000        0x0 board/xilinx/zynq/built-in.o
 .text          0x00000000        0x0 common/built-in.o
 .text.cmd_process_error
                0x00000000       0x30 common/built-in.o
 .text.hash_block
                0x00000000       0x70 common/built-in.o
 .text.unset_local_var
                0x00000000       0x9c common/built-in.o
 .text.cli_simple_parse_line
                0x00000000       0x88 common/built-in.o
 .text.cli_simple_run_command
                0x00000000      0x354 common/built-in.o
 .text.cli_simple_loop
                0x00000000       0x78 common/built-in.o
 .text.cli_simple_run_command_list
                0x00000000       0x70 common/built-in.o
 .text.run_command_repeatable
                0x00000000       0x18 common/built-in.o
 .text.arch_cpu_init
                0x00000000        0x8 common/built-in.o
 .text.__red_led_off
                0x00000000        0x4 common/built-in.o
 .text.__green_led_on
                0x00000000        0x4 common/built-in.o
 .text.__green_led_off
                0x00000000        0x4 common/built-in.o
 .text.__yellow_led_on
                0x00000000        0x4 common/built-in.o
 .text.__yellow_led_off
                0x00000000        0x4 common/built-in.o
 .text.__blue_led_on
                0x00000000        0x4 common/built-in.o
 .text.__blue_led_off
                0x00000000        0x4 common/built-in.o
 .text.__board_flash_wp_on
                0x00000000        0x8 common/built-in.o
 .text.fixup_cpu
                0x00000000        0x8 common/built-in.o
 .text.bootz_setup
                0x00000000       0x18 common/built-in.o
 .text.env_flags_parse_varaccess_from_binflags
                0x00000000       0x28 common/built-in.o
 .text.invalidate_icache_all
                0x00000000        0xc common/built-in.o
 .text.flush_dcache_all
                0x00000000        0xc common/built-in.o
 .text.soc_clk_dump
                0x00000000       0x18 common/built-in.o
 .text.eeprom_probe
                0x00000000        0xc common/built-in.o
 .text.eeprom_init
                0x00000000        0x4 common/built-in.o
 .text.of_bus_default_map
[...]
Memory Configuration

Name             Origin             Length             Attributes
*default*        0x00000000         0xffffffff

Linker script and memory map

Address of section .text set to 0x4000000
                0x00000000                . = 0x0
                0x00000000                . = ALIGN (0x4)

.text           0x04000000    0x4220c
 *(.__image_copy_start)
 .__image_copy_start
                0x04000000        0x0 arch/arm/lib/built-in.o
                0x04000000                __image_copy_start
 *(.vectors)
 .vectors       0x04000000      0x300 arch/arm/lib/built-in.o
                0x04000000                _start
                0x04000024                _undefined_instruction
                0x04000028                _software_interrupt
                0x0400002c                _prefetch_abort
                0x04000030                _data_abort
                0x04000034                _not_used
                0x04000038                _irq
                0x0400003c                _fiq
                0x04000040                IRQ_STACK_START_IN
 arch/arm/cpu/armv7/start.o(.text*)
 .text          0x04000300       0x9c arch/arm/cpu/armv7/start.o
                0x04000300                reset
                0x04000340                c_runtime_cpu_setup
                0x04000358                save_boot_params
                0x0400035c                cpu_init_cp15
                0x04000394                cpu_init_crit
 *(.text*)
 .text.syscall  0x0400039c       0x70 api/built-in.o
                0x0400039c                syscall
 .text.API_display_clear
                0x0400040c       0x10 api/built-in.o
 .text.API_display_draw_bitmap
                0x0400041c        0x8 api/built-in.o
 .text.API_display_get_info
                0x04000424        0x8 api/built-in.o
 .text.API_env_enum
                0x0400042c       0xb0 api/built-in.o
 .text.API_env_set
                0x040004dc       0x34 api/built-in.o
 .text.API_env_get
                0x04000510       0x38 api/built-in.o
 .text.API_dev_write
                0x04000548       0x68 api/built-in.o
 .text.API_dev_read
                0x040005b0       0xc0 api/built-in.o
 .text.API_dev_close
                0x04000670       0x64 api/built-in.o
 .text.API_dev_open
                0x040006d4       0x70 api/built-in.o
 .text.API_dev_enum
                0x04000744       0x5c api/built-in.o
 .text.API_get_timer
                0x040007a0       0x38 api/built-in.o
 .text.API_udelay
                0x040007d8       0x28 api/built-in.o
 .text.API_get_sys_info
                0x04000800       0x2c api/built-in.o
 .text.API_reset
                0x0400082c       0x20 api/built-in.o
 .text.API_puts
                0x0400084c       0x24 api/built-in.o
 .text.API_tstc
                0x04000870       0x28 api/built-in.o
 .text.API_putc
                0x04000898       0x28 api/built-in.o
 .text.API_getc
                0x040008c0       0x28 api/built-in.o
 .text.api_init
                0x040008e8      0x16c api/built-in.o
                0x040008e8                api_init
 .text.platform_set_mr
                0x04000a54       0x78 api/built-in.o
                0x04000a54                platform_set_mr
 .text.display_get_info
                0x04000acc       0x10 api/built-in.o
                0x04000acc                display_get_info
 .text.display_draw_bitmap
                0x04000adc       0x10 api/built-in.o
                0x04000adc                display_draw_bitmap
 .text.display_clear
                0x04000aec        0x4 api/built-in.o
                0x04000aec                display_clear
 .text.dev_open_net
                0x04000af0       0x38 api/built-in.o
                0x04000af0                dev_open_net
 .text.dev_close_net
                0x04000b28       0x2c api/built-in.o
                0x04000b28                dev_close_net
 .text.dev_enum_net
                0x04000b54       0x44 api/built-in.o
                0x04000b54                dev_enum_net
 .text.dev_write_net
                0x04000b98        0xc api/built-in.o
                0x04000b98                dev_write_net
 .text.dev_read_net
                0x04000ba4        0xc api/built-in.o
                0x04000ba4                dev_read_net
 .text.dev_stor_type
                0x04000bb0       0x58 api/built-in.o
 .text.dev_stor_get
                0x04000c08      0x11c api/built-in.o
 .text.dev_stor_is_valid
                0x04000d24       0x60 api/built-in.o
 .text.dev_stor_init
                0x04000d84       0x58 api/built-in.o
                0x04000d84                dev_stor_init
 .text.dev_enum_reset
                0x04000ddc       0x28 api/built-in.o
                0x04000ddc                dev_enum_reset
 .text.dev_enum_storage
                0x04000e04      0x110 api/built-in.o
                0x04000e04                dev_enum_storage
 .text.dev_open_stor
                0x04000f14       0x34 api/built-in.o
                0x04000f14                dev_open_stor
 .text.dev_close_stor
                0x04000f48        0x8 api/built-in.o
                0x04000f48                dev_close_stor
 .text.dev_read_stor
                0x04000f50       0x9c api/built-in.o
                0x04000f50                dev_read_stor
 .text.platform_sys_info
                0x04000fec       0x24 api/built-in.o
                0x04000fec                platform_sys_info
 .text.v7_maint_dcache_all
                0x04001010       0xd4 arch/arm/cpu/armv7/built-in.o
 .text.v7_dcache_inval_range
                0x040010e4       0x80 arch/arm/cpu/armv7/built-in.o
 .text.invalidate_icache_all
                0x04001164       0x18 arch/arm/cpu/armv7/built-in.o
                0x04001164                invalidate_icache_all
 .text.v7_outer_cache_enable
                0x0400117c        0x4 arch/arm/cpu/armv7/built-in.o
                0x0400117c                v7_outer_cache_enable
 .text.v7_outer_cache_disable
                0x04001180        0x4 arch/arm/cpu/armv7/built-in.o
                0x04001180                v7_outer_cache_disable
 .text.v7_outer_cache_flush_all
                0x04001184        0x4 arch/arm/cpu/armv7/built-in.o
                0x04001184                v7_outer_cache_flush_all
 .text.flush_dcache_all
                0x04001188       0x14 arch/arm/cpu/armv7/built-in.o
                0x04001188                flush_dcache_all
 .text.v7_outer_cache_inval_all
                0x0400119c        0x4 arch/arm/cpu/armv7/built-in.o
                0x0400119c                v7_outer_cache_inval_all
 .text.invalidate_dcache_all
                0x040011a0       0x14 arch/arm/cpu/armv7/built-in.o
                0x040011a0                invalidate_dcache_all
 .text.arm_init_before_mmu
                0x040011b4       0x28 arch/arm/cpu/armv7/built-in.o
                0x040011b4                arm_init_before_mmu
 .text.v7_outer_cache_flush_range
                0x040011dc        0x4 arch/arm/cpu/armv7/built-in.o
                0x040011dc                v7_outer_cache_flush_range
 .text.flush_dcache_range
                0x040011e0       0x3c arch/arm/cpu/armv7/built-in.o
                0x040011e0                flush_dcache_range
 .text.mmu_page_table_flush
                0x0400121c       0x24 arch/arm/cpu/armv7/built-in.o
                0x0400121c                mmu_page_table_flush
 .text.flush_cache
                0x04001240        0x8 arch/arm/cpu/armv7/built-in.o
                0x04001240                flush_cache
 .text.v7_outer_cache_inval_range
                0x04001248        0x4 arch/arm/cpu/armv7/built-in.o
                0x04001248                v7_outer_cache_inval_range
 .text.invalidate_dcache_range
                0x0400124c       0x3c arch/arm/cpu/armv7/built-in.o
                0x0400124c                invalidate_dcache_range
 .text.cpu_cache_initialization
                0x04001288        0x4 arch/arm/cpu/armv7/built-in.o
                0x04001288                cpu_cache_initialization
 .text.cleanup_before_linux
                0x0400128c       0x28 arch/arm/cpu/armv7/built-in.o
                0x0400128c                cleanup_before_linux
 .text          0x040012b4       0x24 arch/arm/cpu/armv7/zynq/built-in.o
                0x040012b4                lowlevel_init
 .text.timer_init
                0x040012d8       0x60 arch/arm/cpu/armv7/zynq/built-in.o
                0x040012d8                timer_init
 .text.get_timer_masked
                0x04001338       0x50 arch/arm/cpu/armv7/zynq/built-in.o
                0x04001338                get_timer_masked
 .text.__udelay
                0x04001388       0x90 arch/arm/cpu/armv7/zynq/built-in.o
                0x04001388                __udelay
 .text.get_timer
                0x04001418       0x14 arch/arm/cpu/armv7/zynq/built-in.o
                0x04001418                get_timer
 .text.get_ticks
                0x0400142c       0x10 arch/arm/cpu/armv7/zynq/built-in.o
                0x0400142c                get_ticks
 .text.get_tbclk
                0x0400143c        0x8 arch/arm/cpu/armv7/zynq/built-in.o
                0x0400143c                get_tbclk
 .text.arch_cpu_init
                0x04001444       0x64 arch/arm/cpu/armv7/zynq/built-in.o
                0x04001444                arch_cpu_init
 .text.reset_cpu
                0x040014a8        0xc arch/arm/cpu/armv7/zynq/built-in.o
                0x040014a8                reset_cpu
 .text.enable_caches
                0x040014b4        0x4 arch/arm/cpu/armv7/zynq/built-in.o
                0x040014b4                enable_caches
 .text.zynq_ddrc_init
                0x040014b8       0x64 arch/arm/cpu/armv7/zynq/built-in.o
                0x040014b8                zynq_ddrc_init
 .text.zynq_slcr_lock
                0x0400151c       0x2c arch/arm/cpu/armv7/zynq/built-in.o
                0x0400151c                zynq_slcr_lock
 .text.zynq_slcr_unlock
                0x04001548       0x2c arch/arm/cpu/armv7/zynq/built-in.o
                0x04001548                zynq_slcr_unlock
 .text.zynq_slcr_cpu_reset
                0x04001574       0x24 arch/arm/cpu/armv7/zynq/built-in.o
                0x04001574                zynq_slcr_cpu_reset
 .text.zynq_slcr_gem_clk_setup
                0x04001598       0x68 arch/arm/cpu/armv7/zynq/built-in.o
                0x04001598                zynq_slcr_gem_clk_setup
 .text.zynq_slcr_devcfg_disable
                0x04001600       0x24 arch/arm/cpu/armv7/zynq/built-in.o
                0x04001600                zynq_slcr_devcfg_disable
 .text.zynq_slcr_devcfg_enable
                0x04001624       0x24 arch/arm/cpu/armv7/zynq/built-in.o
                0x04001624                zynq_slcr_devcfg_enable
 .text.zynq_slcr_get_boot_mode
                0x04001648        0xc arch/arm/cpu/armv7/zynq/built-in.o
                0x04001648                zynq_slcr_get_boot_mode
 .text.zynq_slcr_get_idcode
                0x04001654       0x10 arch/arm/cpu/armv7/zynq/built-in.o
                0x04001654                zynq_slcr_get_idcode
 .text.zynq_slcr_get_mio_pin_status
                0x04001664       0x90 arch/arm/cpu/armv7/zynq/built-in.o
                0x04001664                zynq_slcr_get_mio_pin_status
 .text.ddr2x_get_rate
                0x040016f4       0x3c arch/arm/cpu/armv7/zynq/built-in.o
 .text.ddr3x_get_rate
                0x04001730       0x3c arch/arm/cpu/armv7/zynq/built-in.o
 .text.zynq_clk_periph_get_rate
                0x0400176c       0x68 arch/arm/cpu/armv7/zynq/built-in.o
 .text.__zynq_clk_pll_get_rate
                0x040017d4       0x20 arch/arm/cpu/armv7/zynq/built-in.o
 .text.zynq_clk_pll_get_rate
                0x040017f4        0x8 arch/arm/cpu/armv7/zynq/built-in.o
 .text.zynq_clk_periph_set_rate
                0x040017fc      0x11c arch/arm/cpu/armv7/zynq/built-in.o
 .text.zynq_clk_register_periph_clk
                0x04001918       0x5c arch/arm/cpu/armv7/zynq/built-in.o
 .text.zynq_clk_early_init
                0x04001974       0x58 arch/arm/cpu/armv7/zynq/built-in.o
                0x04001974                zynq_clk_early_init
 .text.get_uart_clk
                0x040019cc       0x50 arch/arm/cpu/armv7/zynq/built-in.o
                0x040019cc                get_uart_clk
 .text.set_cpu_clk_info
                0x04001a1c      0x618 arch/arm/cpu/armv7/zynq/built-in.o
                0x04001a1c                set_cpu_clk_info
 .text.zynq_clk_get_rate
                0x04002034       0x20 arch/arm/cpu/armv7/zynq/built-in.o
                0x04002034                zynq_clk_get_rate
 .text.zynq_clk_set_rate
                0x04002054       0x40 arch/arm/cpu/armv7/zynq/built-in.o
                0x04002054                zynq_clk_set_rate
 .text.soc_clk_dump
                0x04002094       0x50 arch/arm/cpu/armv7/zynq/built-in.o
                0x04002094                soc_clk_dump
 .text          0x040020e4       0xe8 arch/arm/lib/built-in.o
                0x040020e4                _main
                0x04002168                relocate_code
 .text.arch_fixup_memory_node
                0x040021cc        0x8 arch/arm/lib/built-in.o
                0x040021cc                arch_fixup_memory_node
 .text.boot_jump_linux
                0x040021d4       0xb8 arch/arm/lib/built-in.o
 .text.boot_prep_linux
                0x0400228c       0x40 arch/arm/lib/built-in.o
 .text.arch_lmb_reserve
                0x040022cc       0x24 arch/arm/lib/built-in.o
                0x040022cc                arch_lmb_reserve
 .text.do_bootm_linux
                0x040022f0       0x60 arch/arm/lib/built-in.o
                0x040022f0                do_bootm_linux
 .text.bootz_setup
                0x04002350       0x60 arch/arm/lib/built-in.o
                0x04002350                bootz_setup
 .text.boot_prep_vxworks
                0x040023b0       0x4c arch/arm/lib/built-in.o
                0x040023b0                boot_prep_vxworks
 .text.boot_jump_vxworks
                0x040023fc       0x14 arch/arm/lib/built-in.o
                0x040023fc                boot_jump_vxworks
 .text.interrupt_init
                0x04002410       0x1c arch/arm/lib/built-in.o
                0x04002410                interrupt_init
 .text.enable_interrupts
                0x0400242c        0x4 arch/arm/lib/built-in.o
                0x0400242c                enable_interrupts
 .text.disable_interrupts
                0x04002430        0x8 arch/arm/lib/built-in.o
                0x04002430                disable_interrupts
 .text.bad_mode
                0x04002438       0x10 arch/arm/lib/built-in.o
                0x04002438                bad_mode
 .text.show_regs
                0x04002448      0x13c arch/arm/lib/built-in.o
                0x04002448                show_regs
 .text.do_undefined_instruction
                0x04002584       0x20 arch/arm/lib/built-in.o
                0x04002584                do_undefined_instruction
 .text.do_software_interrupt
                0x040025a4       0x20 arch/arm/lib/built-in.o
                0x040025a4                do_software_interrupt
 .text.do_prefetch_abort
                0x040025c4       0x20 arch/arm/lib/built-in.o
                0x040025c4                do_prefetch_abort
 .text.do_data_abort
                0x040025e4       0x20 arch/arm/lib/built-in.o
                0x040025e4                do_data_abort
 .text.do_not_used
                0x04002604       0x20 arch/arm/lib/built-in.o
                0x04002604                do_not_used
 .text.do_fiq   0x04002624       0x20 arch/arm/lib/built-in.o
                0x04002624                do_fiq
 .text.do_irq   0x04002644       0x20 arch/arm/lib/built-in.o
                0x04002644                do_irq
 .text.do_reset
                0x04002664       0x2c arch/arm/lib/built-in.o
                0x04002664                do_reset
 .text.cp_delay
                0x04002690       0x30 arch/arm/lib/built-in.o
 .text.arm_init_domains
                0x040026c0        0x4 arch/arm/lib/built-in.o
                0x040026c0                arm_init_domains
 .text.set_section_dcache
                0x040026c4       0x14 arch/arm/lib/built-in.o
                0x040026c4                set_section_dcache
 .text.mmu_set_region_dcache_behaviour
                0x040026d8       0x50 arch/arm/lib/built-in.o
                0x040026d8                mmu_set_region_dcache_behaviour
 .text.dram_bank_mmu_setup
                0x04002728       0x40 arch/arm/lib/built-in.o
                0x04002728                dram_bank_mmu_setup
 .text.icache_enable
                0x04002768       0x18 arch/arm/lib/built-in.o
                0x04002768                icache_enable
 .text.icache_disable
                0x04002780       0x1c arch/arm/lib/built-in.o
                0x04002780                icache_disable
 .text.icache_status
                0x0400279c        0xc arch/arm/lib/built-in.o
                0x0400279c                icache_status
 .text.dcache_enable
                0x040027a8       0x70 arch/arm/lib/built-in.o
                0x040027a8                dcache_enable
 .text.dcache_disable
                0x04002818       0x28 arch/arm/lib/built-in.o
                0x04002818                dcache_disable
 .text.dcache_status
                0x04002840        0xc arch/arm/lib/built-in.o
                0x04002840                dcache_status
 .text.board_init
                0x0400284c       0xd4 board/xilinx/zynq/built-in.o
                0x0400284c                board_init
 .text.board_late_init
                0x04002920       0x9c board/xilinx/zynq/built-in.o
                0x04002920                board_late_init
 .text.checkboard
                0x040029bc       0x18 board/xilinx/zynq/built-in.o
                0x040029bc                checkboard
 .text.board_eth_init
                0x040029d4       0x14 board/xilinx/zynq/built-in.o
                0x040029d4                board_eth_init
 .text.board_mmc_init
                0x040029e8        0xc board/xilinx/zynq/built-in.o
                0x040029e8                board_mmc_init
 .text.dram_init
                0x040029f4       0x18 board/xilinx/zynq/built-in.o
                0x040029f4                dram_init
 .text.__show_boot_progress
                0x04002a0c        0x4 common/built-in.o
                0x04002a0c                __show_boot_progress
                0x04002a0c                show_boot_progress
 .text.main_loop
                0x04002a10       0x20 common/built-in.o
                0x04002a10                main_loop
 .text.find_cmd_tbl
                0x04002a30       0xa4 common/built-in.o
                0x04002a30                find_cmd_tbl
 .text.find_cmd
                0x04002ad4       0x28 common/built-in.o
                0x04002ad4                find_cmd
 .text.cmd_usage
                0x04002afc       0x5c common/built-in.o
                0x04002afc                cmd_usage
 .text._do_help
                0x04002b58      0x184 common/built-in.o
                0x04002b58                _do_help
 .text.var_complete
                0x04002cdc       0x80 common/built-in.o
                0x04002cdc                var_complete
 .text.cmd_auto_complete
                0x04002d5c      0x4b8 common/built-in.o
                0x04002d5c                cmd_auto_complete
 .text.cmd_get_data_size
                0x04003214       0x5c common/built-in.o
                0x04003214                cmd_get_data_size
 .text.cmd_process
                0x04003270       0xe8 common/built-in.o
                0x04003270                cmd_process
 .text.dummy    0x04003358        0x4 common/built-in.o
 .text.get_version
                0x0400335c        0x8 common/built-in.o
                0x0400335c                get_version
 .text.jumptable_init
                0x04003364      0x1d0 common/built-in.o
                0x04003364                jumptable_init
 .text.hash_finish_crc32
                0x04003534       0x30 common/built-in.o
 .text.hash_update_crc32
                0x04003564       0x24 common/built-in.o
 .text.hash_init_crc32
                0x04003588       0x24 common/built-in.o
 .text.hash_finish_sha256
                0x040035ac       0x38 common/built-in.o
 .text.hash_update_sha256
                0x040035e4       0x1c common/built-in.o
 .text.hash_init_sha256
                0x04003600       0x24 common/built-in.o
 .text.hash_lookup_algo
                0x04003624       0x58 common/built-in.o
                0x04003624                hash_lookup_algo
 .text.hash_show
                0x0400367c       0x58 common/built-in.o
                0x0400367c                hash_show
 .text.hash_command
                0x040036d4      0x170 common/built-in.o
                0x040036d4                hash_command
 .text.b_reset  0x04003844       0x1c common/built-in.o
 .text.static_get
                0x04003860       0x1c common/built-in.o
 .text.static_peek
                0x0400387c        0xc common/built-in.o
 .text.file_peek
                0x04003888        0xc common/built-in.o
 .text.mapset   0x04003894       0x20 common/built-in.o
 .text.syntax_err
                0x040038b4        0xc common/built-in.o
 .text.free_pipe_list
                0x040038c0       0xf0 common/built-in.o
 .text.xmalloc  0x040039b0       0x20 common/built-in.o
 .text.new_pipe
                0x040039d0       0x28 common/built-in.o
 .text.xrealloc
                0x040039f8       0x20 common/built-in.o
 .text.done_command
                0x04003a18       0x8c common/built-in.o
 .text.done_pipe
                0x04003aa4       0x4c common/built-in.o
 .text.done_word
                0x04003af0      0x2d8 common/built-in.o
 .text.do_showvar
                0x04003dc8       0xf0 common/built-in.o
 .text.is_assignment
                0x04003eb8       0x54 common/built-in.o
 .text.file_get
                0x04003f0c      0x1d0 common/built-in.o
 .text.b_addchr
                0x040040dc       0x78 common/built-in.o
 .text.b_addqchr
                0x04004154       0x50 common/built-in.o
 .text.get_local_var
                0x040041a4       0x94 common/built-in.o
                0x040041a4                get_local_var
 .text.set_local_var
                0x04004238      0x1a8 common/built-in.o
                0x04004238                set_local_var
 .text.insert_var_value_sub
                0x040043e0      0x2a8 common/built-in.o
 .text.parse_string_outer
                0x04004688       0xe4 common/built-in.o
                0x04004688                parse_string_outer
 .text.run_list_real
                0x0400476c      0x7ec common/built-in.o
 .text.parse_stream_outer
                0x04004f58      0x6c4 common/built-in.o
 .text.parse_file_outer
                0x0400561c       0x44 common/built-in.o
                0x0400561c                parse_file_outer
 .text.u_boot_hush_start
                0x04005660       0x54 common/built-in.o
                0x04005660                u_boot_hush_start
 .text.run_command
                0x040056b4        0x8 common/built-in.o
                0x040056b4                run_command
 .text.run_command_list
                0x040056bc       0x5c common/built-in.o
                0x040056bc                run_command_list
 .text.do_run   0x04005718       0x74 common/built-in.o
                0x04005718                do_run
 .text.cli_loop
                0x0400578c        0xc common/built-in.o
                0x0400578c                cli_loop
 .text.cli_init
                0x04005798        0x4 common/built-in.o
                0x04005798                cli_init
 .text.delete_char.part.0
                0x0400579c       0xd0 common/built-in.o
 .text.cread_add_char
                0x0400586c       0xe8 common/built-in.o
 .text.cli_readline_into_buffer
                0x04005954      0x9c0 common/built-in.o
                0x04005954                cli_readline_into_buffer
 .text.cli_readline
                0x04006314       0x14 common/built-in.o
                0x04006314                cli_readline
 .text.hex1_bin
                0x04006328       0x40 common/built-in.o
 .text.hex2_bin
                0x04006368       0x38 common/built-in.o
 .text.srec_decode
                0x040063a0      0x254 common/built-in.o
                0x040063a0                srec_decode
 .text.CYGACC_COMM_IF_GETC_TIMEOUT.isra.0
                0x040065f4       0x4c common/built-in.o
 .text.xyzModem_flush
                0x04006640       0x1c common/built-in.o
 .text.xyzModem_get_hdr
                0x0400665c      0x230 common/built-in.o
 .text.xyzModem_stream_open
                0x0400688c      0x248 common/built-in.o
                0x0400688c                xyzModem_stream_open
 .text.xyzModem_stream_read
                0x04006ad4      0x24c common/built-in.o
                0x04006ad4                xyzModem_stream_read
 .text.xyzModem_stream_close
                0x04006d20       0x54 common/built-in.o
                0x04006d20                xyzModem_stream_close
 .text.xyzModem_stream_terminate
                0x04006d74       0x94 common/built-in.o
                0x04006d74                xyzModem_stream_terminate
 .text.xyzModem_error
                0x04006e08       0x20 common/built-in.o
                0x04006e08                xyzModem_error
 .text.common_diskboot
                0x04006e28      0x2b8 common/built-in.o
                0x04006e28                common_diskboot
 .text.bootdelay_process
                0x040070e0       0x50 common/built-in.o
                0x040070e0                bootdelay_process
 .text.autoboot_command
                0x04007130       0xd8 common/built-in.o
                0x04007130                autoboot_command
 .text.print_cpuinfo
                0x04007208        0x8 common/built-in.o
 .text.trace_early_init
                0x04007210        0x8 common/built-in.o
 .text.display_text_info
                0x04007218        0x8 common/built-in.o
 .text.setup_mon_len
                0x04007220       0x20 common/built-in.o
 .text.reserve_round_4k
                0x04007240       0x18 common/built-in.o
 .text.reserve_mmu
                0x04007258       0x38 common/built-in.o
 .text.reserve_trace
                0x04007290        0x8 common/built-in.o
 .text.reserve_uboot
                0x04007298       0x30 common/built-in.o
 .text.reserve_malloc
                0x040072c8       0x14 common/built-in.o
 .text.setup_machine
                0x040072dc        0x8 common/built-in.o
 .text.reserve_global_data
                0x040072e4       0x1c common/built-in.o
 .text.reserve_fdt
                0x04007300       0x4c common/built-in.o
 .text.reserve_stacks
                0x0400734c       0x34 common/built-in.o
 .text.display_new_sp
                0x04007380        0x8 common/built-in.o
 .text.setup_reloc
                0x04007388       0x28 common/built-in.o
 .text.reloc_fdt
                0x040073b0       0x30 common/built-in.o
 .text.reserve_board
                0x040073e0       0x30 common/built-in.o
 .text.announce_dram_init
                0x04007410       0x18 common/built-in.o
 .text.init_func_i2c
                0x04007428       0x28 common/built-in.o
 .text.init_baud_rate
                0x04007450       0x2c common/built-in.o
 .text.setup_fdt
                0x0400747c       0x28 common/built-in.o
 .text.mark_bootstage
                0x040074a4       0x14 common/built-in.o
 .text.__coloured_LED_init
                0x040074b8        0x4 common/built-in.o
                0x040074b8                coloured_LED_init
                0x040074b8                __coloured_LED_init
 .text.__red_led_on
                0x040074bc        0x4 common/built-in.o
                0x040074bc                __red_led_on
                0x040074bc                red_led_on
 .text.__board_add_ram_info
                0x040074c0        0x4 common/built-in.o
                0x040074c0                __board_add_ram_info
                0x040074c0                board_add_ram_info
 .text.show_dram_config
                0x040074c4       0x34 common/built-in.o
 .text.__dram_init_banksize
                0x040074f8       0x20 common/built-in.o
                0x040074f8                __dram_init_banksize
                0x040074f8                dram_init_banksize
 .text.setup_dram_config
                0x04007518       0x10 common/built-in.o
 .text.board_get_usable_ram_top
                0x04007528        0x8 common/built-in.o
                0x04007528                board_get_usable_ram_top
 .text.setup_dest_addr
                0x04007530       0x40 common/built-in.o
 .text.board_init_f
                0x04007570       0x4c common/built-in.o
                0x04007570                board_init_f
 .text.bootstage_relocate
                0x040075bc        0x8 common/built-in.o
 .text.initr_trace
                0x040075c4        0x8 common/built-in.o
 .text.initr_reloc_global_data
                0x040075cc       0x28 common/built-in.o
 .text.initr_barrier
                0x040075f4        0x8 common/built-in.o
 .text.power_init_board
                0x040075fc        0x8 common/built-in.o
                0x040075fc                power_init_board
 .text.initr_announce
                0x04007604        0x8 common/built-in.o
 .text.initr_mmc
                0x0400760c       0x20 common/built-in.o
                0x0400760c                initr_mmc
 .text.run_main_loop
                0x0400762c        0xc common/built-in.o
 .text.initr_net
                0x04007638       0x20 common/built-in.o
 .text.initr_ethaddr
                0x04007658       0x20 common/built-in.o
 .text.initr_enable_interrupts
                0x04007678       0x10 common/built-in.o
 .text.initr_api
                0x04007688       0x10 common/built-in.o
 .text.initr_jumptable
                0x04007698       0x10 common/built-in.o
 .text.initr_env
                0x040076a8       0x30 common/built-in.o
 .text.initr_malloc
                0x040076d8       0x1c common/built-in.o
 .text.initr_serial
                0x040076f4       0x10 common/built-in.o
 .text.initr_caches
                0x04007704       0x10 common/built-in.o
 .text.initr_reloc
                0x04007714       0x20 common/built-in.o
 .text.__cpu_secondary_init_r
                0x04007734        0x4 common/built-in.o
                0x04007734                cpu_secondary_init_r
                0x04007734                __cpu_secondary_init_r
 .text.initr_secondary_cpu
                0x04007738       0x10 common/built-in.o
 .text.board_init_r
                0x04007748       0x18 common/built-in.o
                0x04007748                board_init_r
 .text.do_go_exec
                0x04007760       0x18 common/built-in.o
                0x04007760                do_go_exec
 .text.do_go    0x04007778       0x70 common/built-in.o
 .text.do_bootm
                0x040077e8      0x100 common/built-in.o
                0x040077e8                do_bootm
 .text.do_bootd
                0x040078e8       0x20 common/built-in.o
                0x040078e8                do_bootd
 .text.image_info
                0x04007908      0x128 common/built-in.o
 .text.do_iminfo
                0x04007a30       0x60 common/built-in.o
 .text.bootm_maybe_autostart
                0x04007a90       0x78 common/built-in.o
                0x04007a90                bootm_maybe_autostart
 .text.do_bootz
                0x04007b08       0xf8 common/built-in.o
                0x04007b08                do_bootz
 .text.bootm_find_ramdisk_fdt
                0x04007c00       0xa8 common/built-in.o
                0x04007c00                bootm_find_ramdisk_fdt
 .text.bootm_disable_interrupts
                0x04007ca8       0x18 common/built-in.o
                0x04007ca8                bootm_disable_interrupts
 .text.do_bootm_states
                0x04007cc0      0x944 common/built-in.o
                0x04007cc0                do_bootm_states
 .text.do_bootm_rtems
                0x04008604       0x70 common/built-in.o
 .text.do_bootm_standalone
                0x04008674       0x64 common/built-in.o
 .text.do_bootm_qnxelf
                0x040086d8       0x88 common/built-in.o
 .text.do_bootm_plan9
                0x04008760       0xfc common/built-in.o
 .text.do_bootvx_fdt
                0x0400885c      0x10c common/built-in.o
                0x0400885c                do_bootvx_fdt
 .text.do_bootm_vxworks
                0x04008968       0x54 common/built-in.o
 .text.__arch_preboot_os
                0x040089bc        0x4 common/built-in.o
                0x040089bc                arch_preboot_os
 .text.boot_selected_os
                0x040089c0       0x5c common/built-in.o
                0x040089c0                boot_selected_os
 .text.bootm_os_get_boot_func
                0x04008a1c       0x10 common/built-in.o
                0x04008a1c                bootm_os_get_boot_func
 .text.do_help  0x04008a2c       0x48 common/built-in.o
 .text.do_version
                0x04008a74       0x38 common/built-in.o
 .text.env_attr_walk
                0x04008aac      0x110 common/built-in.o
                0x04008aac                env_attr_walk
 .text.env_attr_lookup
                0x04008bbc      0x184 common/built-in.o
                0x04008bbc                env_attr_lookup
 .text.clear_callback
                0x04008d40       0x10 common/built-in.o
 .text.find_env_callback
                0x04008d50       0x64 common/built-in.o
 .text.on_callbacks
                0x04008db4       0x48 common/built-in.o
 .text.set_callback
                0x04008dfc       0x94 common/built-in.o
 .text.env_callback_init
                0x04008e90       0xc4 common/built-in.o
                0x04008e90                env_callback_init
 .text.skip_num
                0x04008f54       0x74 common/built-in.o
 .text.clear_flags
                0x04008fc8       0x10 common/built-in.o
 .text.on_flags
                0x04008fd8       0x48 common/built-in.o
 .text.env_flags_parse_vartype
                0x04009020       0x50 common/built-in.o
                0x04009020                env_flags_parse_vartype
 .text.env_flags_parse_varaccess
                0x04009070       0x58 common/built-in.o
                0x04009070                env_flags_parse_varaccess
 .text.set_flags
                0x040090c8       0xac common/built-in.o
 .text.env_flags_init
                0x04009174       0xd8 common/built-in.o
                0x04009174                env_flags_init
 .text.env_flags_validate
                0x0400924c      0x308 common/built-in.o
                0x0400924c                env_flags_validate
 .text.saveenv  0x04009554       0xdc common/built-in.o
                0x04009554                saveenv
 .text.env_relocate_spec
                0x04009630       0xc8 common/built-in.o
                0x04009630                env_relocate_spec
 .text.env_init
                0x040096f8       0x1c common/built-in.o
                0x040096f8                env_init
 .text.source   0x04009714      0x1c8 common/built-in.o
                0x04009714                source
 .text.do_source
                0x040098dc       0x70 common/built-in.o
                0x040098dc                do_source
 .text.print_num
                0x0400994c       0x18 common/built-in.o
 .text.do_bdinfo
                0x04009964      0x1b8 common/built-in.o
                0x04009964                do_bdinfo
 .text.parse_argv
                0x04009b1c       0x60 common/built-in.o
 .text.do_icache
                0x04009b7c       0x88 common/built-in.o
                0x04009b7c                do_icache
 .text.do_dcache
                0x04009c04       0x88 common/built-in.o
                0x04009c04                do_dcache
 .text.do_clk   0x04009c8c       0x5c common/built-in.o
 .text.do_clk_dump
                0x04009ce8        0x4 common/built-in.o
 .text.do_coninfo
                0x04009cec       0xbc common/built-in.o
 .text.do_echo  0x04009da8       0xb0 common/built-in.o
 .text.eeprom_read
                0x04009e58       0x78 common/built-in.o
                0x04009e58                eeprom_read
 .text.eeprom_write
                0x04009ed0       0x78 common/built-in.o
                0x04009ed0                eeprom_write
 .text.do_eeprom
                0x04009f48      0x10c common/built-in.o
                0x04009f48                do_eeprom
 .text.load_elf_image_shdr
                0x0400a054       0x8c common/built-in.o
 .text.do_bootelf_exec
                0x0400a0e0       0x44 common/built-in.o
                0x0400a0e0                do_bootelf_exec
 .text.valid_elf_image
                0x0400a124       0x4c common/built-in.o
                0x0400a124                valid_elf_image
 .text.do_bootelf
                0x0400a170      0x15c common/built-in.o
                0x0400a170                do_bootelf
 .text.do_bootvx
                0x0400a2cc      0x29c common/built-in.o
                0x0400a2cc                do_bootvx
 .text.do_exit  0x0400a568       0x30 common/built-in.o
 .text.do_ext4_load
                0x0400a598       0x18 common/built-in.o
                0x0400a598                do_ext4_load
 .text.do_ext4_ls
                0x0400a5b0       0x18 common/built-in.o
                0x0400a5b0                do_ext4_ls
 .text.do_ext4_write
                0x0400a5c8       0xf4 common/built-in.o
                0x0400a5c8                do_ext4_write
 .text.do_ext2ls
                0x0400a6bc       0x18 common/built-in.o
                0x0400a6bc                do_ext2ls
 .text.do_ext2load
                0x0400a6d4       0x18 common/built-in.o
                0x0400a6d4                do_ext2load
 .text.do_fat_fsload
                0x0400a6ec       0x18 common/built-in.o
                0x0400a6ec                do_fat_fsload
 .text.do_fat_ls
                0x0400a704       0x18 common/built-in.o
 .text.do_fat_fsinfo
                0x0400a71c       0x90 common/built-in.o
 .text.do_fat_fswrite
                0x0400a7ac       0xfc common/built-in.o
 .text.fdt_valid
                0x0400a8a8       0xbc common/built-in.o
 .text.is_printable_string
                0x0400a964       0x88 common/built-in.o
 .text.print_data
                0x0400a9ec      0x170 common/built-in.o
 .text.set_working_fdt_addr
                0x0400ab5c       0x1c common/built-in.o
                0x0400ab5c                set_working_fdt_addr
 .text.do_fdt   0x0400ab78      0xe80 common/built-in.o
 .text.get_cells_len
                0x0400b9f8       0x3c common/built-in.o
 .text.fdt_find_or_add_subnode.constprop.6
                0x0400ba34       0x6c common/built-in.o
 .text.fdt_find_and_setprop
                0x0400baa0       0x70 common/built-in.o
                0x0400baa0                fdt_find_and_setprop
 .text.fdt_initrd
                0x0400bb10      0x1cc common/built-in.o
                0x0400bb10                fdt_initrd
 .text.fdt_chosen
                0x0400bcdc       0xa4 common/built-in.o
                0x0400bcdc                fdt_chosen
 .text.do_fixup_by_path
                0x0400bd80       0x54 common/built-in.o
                0x0400bd80                do_fixup_by_path
 .text.fdt_fixup_memory_banks
                0x0400bdd4      0x190 common/built-in.o
                0x0400bdd4                fdt_fixup_memory_banks
 .text.fdt_fixup_memory
                0x0400bf64       0x24 common/built-in.o
                0x0400bf64                fdt_fixup_memory
 .text.fdt_fixup_ethernet
                0x0400bf88      0x158 common/built-in.o
                0x0400bf88                fdt_fixup_ethernet
 .text.fdt_resize
                0x0400c0e0       0xd0 common/built-in.o
                0x0400c0e0                fdt_resize
 .text.do_fpga  0x0400c1b0      0x52c common/built-in.o
                0x0400c1b0                do_fpga
 .text.get_alen
                0x0400c6dc       0x3c common/built-in.o
 .text.do_i2c_bus_num
                0x0400c718       0xb8 common/built-in.o
                0x0400c718                do_i2c_bus_num
 .text.do_i2c   0x0400c7d0       0x5c common/built-in.o
 .text.do_i2c_reset
                0x0400c82c       0x30 common/built-in.o
 .text.do_i2c_mw
                0x0400c85c       0xec common/built-in.o
 .text.do_i2c_read
                0x0400c948       0xb0 common/built-in.o
 .text.do_i2c_probe
                0x0400c9f8       0x9c common/built-in.o
 .text.do_i2c_md
                0x0400ca94      0x1d4 common/built-in.o
 .text.do_i2c_crc
                0x0400cc68      0x114 common/built-in.o
 .text.do_i2c_show_bus
                0x0400cd7c       0xdc common/built-in.o
                0x0400cd7c                do_i2c_show_bus
 .text.do_i2c_bus_speed
                0x0400ce58       0x74 common/built-in.o
 .text.do_i2c_write
                0x0400cecc       0xf0 common/built-in.o
 .text.do_i2c_loop
                0x0400cfbc       0xd8 common/built-in.o
 .text.mod_i2c_mem.isra.4
                0x0400d094      0x1ec common/built-in.o
 .text.do_i2c_nm
                0x0400d280        0x8 common/built-in.o
 .text.do_i2c_mm
                0x0400d288        0x8 common/built-in.o
 .text.i2c_init_board
                0x0400d290        0x4 common/built-in.o
                0x0400d290                i2c_init_board
 .text.evalexp  0x0400d294       0x74 common/built-in.o
 .text.evalstr  0x0400d308       0x6c common/built-in.o
 .text.binary_test
                0x0400d374      0x1b4 common/built-in.o
 .text.do_itest
                0x0400d528       0x98 common/built-in.o
 .text.bin_data_init
                0x0400d5c0       0x2c common/built-in.o
 .text.k_data_save
                0x0400d5ec       0x4c common/built-in.o
 .text.k_data_restore
                0x0400d638       0x4c common/built-in.o
 .text.getcxmodem
                0x0400d684       0x20 common/built-in.o
 .text.load_serial_ymodem
                0x0400d6a4       0xcc common/built-in.o
 .text.bin_data_char
                0x0400d770       0x2c common/built-in.o
 .text.chk1.constprop.1
                0x0400d79c       0x2c common/built-in.o
 .text.s1_sendpacket.constprop.2
                0x0400d7c8       0x50 common/built-in.o
 .text.load_serial
                0x0400d818      0x1f8 common/built-in.o
 .text.do_load_serial
                0x0400da10       0xdc common/built-in.o
 .text.do_load_serial_bin
                0x0400daec      0x790 common/built-in.o
 .text.do_mem_mw
                0x0400e27c       0xc0 common/built-in.o
 .text.do_mem_loop
                0x0400e33c      0x104 common/built-in.o
 .text.do_mem_md
                0x0400e440       0xe8 common/built-in.o
 .text.do_mem_cmp
                0x0400e528      0x168 common/built-in.o
 .text.do_mem_base
                0x0400e690       0x40 common/built-in.o
 .text.do_mem_cp
                0x0400e6d0       0xd8 common/built-in.o
 .text.do_mem_crc
                0x0400e7a8       0x4c common/built-in.o
 .text.mod_mem.isra.2
                0x0400e7f4      0x168 common/built-in.o
 .text.do_mem_mm
                0x0400e95c        0x8 common/built-in.o
 .text.do_mem_nm
                0x0400e964        0x8 common/built-in.o
 .text.legacy_miiphy_read
                0x0400e96c       0x34 common/built-in.o
 .text.legacy_miiphy_write
                0x0400e9a0       0x24 common/built-in.o
 .text.miiphy_get_dev_by_name
                0x0400e9c4       0x5c common/built-in.o
                0x0400e9c4                miiphy_get_dev_by_name
 .text.miiphy_init
                0x0400ea20       0x24 common/built-in.o
                0x0400ea20                miiphy_init
 .text.mdio_alloc
                0x0400ea44       0x30 common/built-in.o
                0x0400ea44                mdio_alloc
 .text.miiphy_register
                0x0400ea74      0x108 common/built-in.o
                0x0400ea74                miiphy_register
 .text.mdio_list_devices
                0x0400eb7c       0x9c common/built-in.o
                0x0400eb7c                mdio_list_devices
 .text.miiphy_set_current_dev
                0x0400ec18       0x40 common/built-in.o
                0x0400ec18                miiphy_set_current_dev
 .text.miiphy_get_active_dev
                0x0400ec58       0x54 common/built-in.o
 .text.mdio_get_current_dev
                0x0400ecac       0x10 common/built-in.o
                0x0400ecac                mdio_get_current_dev
 .text.mdio_phydev_for_ethname
                0x0400ecbc       0x8c common/built-in.o
                0x0400ecbc                mdio_phydev_for_ethname
 .text.miiphy_get_current_dev
                0x0400ed48       0x18 common/built-in.o
                0x0400ed48                miiphy_get_current_dev
 .text.miiphy_read
                0x0400ed60       0x4c common/built-in.o
                0x0400ed60                miiphy_read
 .text.miiphy_write
                0x0400edac       0x40 common/built-in.o
                0x0400edac                miiphy_write
 .text.miiphy_listdev
                0x0400edec       0x74 common/built-in.o
                0x0400edec                miiphy_listdev
 .text.miiphy_info
                0x0400ee60       0x88 common/built-in.o
                0x0400ee60                miiphy_info
 .text.miiphy_speed
                0x0400eee8       0x90 common/built-in.o
                0x0400eee8                miiphy_speed
 .text.miiphy_duplex
                0x0400ef78       0x90 common/built-in.o
                0x0400ef78                miiphy_duplex
 .text.miiphy_is_1000base_x
                0x0400f008        0x8 common/built-in.o
                0x0400f008                miiphy_is_1000base_x
 .text.extract_range
                0x0400f010       0xe0 common/built-in.o
 .text.do_mii   0x0400f0f0      0x7a4 common/built-in.o
 .text.do_mdio  0x0400f894      0x4c0 common/built-in.o
 .text.do_sleep
                0x0400fd54       0x70 common/built-in.o
 .text.do_mmcops
                0x0400fdc4       0xb4 common/built-in.o
 .text.init_mmc_device
                0x0400fe78       0x54 common/built-in.o
 .text.do_mmc_rescan
                0x0400fecc       0x24 common/built-in.o
 .text.do_mmc_list
                0x0400fef0       0x14 common/built-in.o
 .text.do_mmc_dev
                0x0400ff04      0x134 common/built-in.o
 .text.do_mmc_part
                0x04010038       0x5c common/built-in.o
 .text.do_mmc_erase
                0x04010094       0xe8 common/built-in.o
 .text.do_mmc_write
                0x0401017c      0x100 common/built-in.o
 .text.do_mmc_read
                0x0401027c       0xec common/built-in.o
 .text.do_mmcinfo
                0x04010368      0x170 common/built-in.o
 .text.do_mmc_setdsr
                0x040104d8       0xb0 common/built-in.o
 .text.netboot_common
                0x04010588      0x308 common/built-in.o
 .text.do_bootp
                0x04010890        0xc common/built-in.o
 .text.do_tftpput
                0x0401089c        0xc common/built-in.o
                0x0401089c                do_tftpput
 .text.do_dhcp  0x040108a8        0xc common/built-in.o
 .text.do_nfs   0x040108b4        0xc common/built-in.o
 .text.do_tftpb
                0x040108c0       0x40 common/built-in.o
                0x040108c0                do_tftpb
 .text.do_ping  0x04010900       0x74 common/built-in.o
 .text.bytes_per_second
                0x04010974       0x50 common/built-in.o
 .text.do_spi_flash
                0x040109c4      0x750 common/built-in.o
 .text.do_spi   0x04011114      0x264 common/built-in.o
                0x04011114                do_spi
 .text.do_false
                0x04011378        0x8 common/built-in.o
 .text.do_true  0x04011380        0x8 common/built-in.o
 .text.do_test  0x04011388      0x350 common/built-in.o
 .text.usb_get_class_desc
                0x040116d8       0xbc common/built-in.o
 .text.usb_display_class_sub
                0x04011794      0x180 common/built-in.o
 .text.usb_find_device
                0x04011914       0x3c common/built-in.o
 .text.usb_show_tree_graph
                0x04011950      0x218 common/built-in.o
 .text.usb_display_string
                0x04011b68       0x44 common/built-in.o
 .text.usb_display_config
                0x04011bac      0x214 common/built-in.o
 .text.do_usbboot
                0x04011dc0        0xc common/built-in.o
 .text.usb_display_desc.part.1
                0x04011dcc      0x12c common/built-in.o
 .text.do_usb   0x04011ef8      0x770 common/built-in.o
 .text.usb_set_maxpacket_ep
                0x04012668       0x68 common/built-in.o
 .text.usb_stop
                0x040126d0       0x78 common/built-in.o
                0x040126d0                usb_stop
 .text.usb_disable_asynch
                0x04012748       0x20 common/built-in.o
                0x04012748                usb_disable_asynch
 .text.usb_control_msg
                0x04012768       0xc0 common/built-in.o
                0x04012768                usb_control_msg
 .text.usb_get_descriptor
                0x04012828       0x50 common/built-in.o
 .text.usb_get_string
                0x04012878       0x6c common/built-in.o
 .text.usb_string_sub
                0x040128e4      0x10c common/built-in.o
 .text.usb_bulk_msg
                0x040129f0       0x70 common/built-in.o
                0x040129f0                usb_bulk_msg
 .text.usb_maxpacket
                0x04012a60       0x1c common/built-in.o
                0x04012a60                usb_maxpacket
 .text.usb_clear_halt
                0x04012a7c       0x90 common/built-in.o
                0x04012a7c                usb_clear_halt
 .text.usb_get_configuration_no
                0x04012b0c       0xbc common/built-in.o
                0x04012b0c                usb_get_configuration_no
 .text.usb_set_interface
                0x04012bc8       0xb0 common/built-in.o
                0x04012bc8                usb_set_interface
 .text.usb_string
                0x04012c78      0x104 common/built-in.o
                0x04012c78                usb_string
 .text.usb_get_dev_index
                0x04012d7c       0x24 common/built-in.o
                0x04012d7c                usb_get_dev_index
 .text.usb_alloc_new_device
                0x04012da0       0x8c common/built-in.o
                0x04012da0                usb_alloc_new_device
 .text.usb_free_device
                0x04012e2c       0x48 common/built-in.o
                0x04012e2c                usb_free_device
 .text.usb_alloc_device
                0x04012e74        0x8 common/built-in.o
                0x04012e74                usb_alloc_device
 .text.usb_new_device
                0x04012e7c      0x614 common/built-in.o
                0x04012e7c                usb_new_device
 .text.usb_init
                0x04013490      0x12c common/built-in.o
                0x04013490                usb_init
 .text.board_usb_init
                0x040135bc        0x8 common/built-in.o
                0x040135bc                board_usb_init
 .text.usb_set_port_feature
                0x040135c4       0x4c common/built-in.o
 .text.usb_get_port_status
                0x04013610       0x4c common/built-in.o
 .text.usb_clear_port_feature
                0x0401365c       0x4c common/built-in.o
 .text.usb_hub_power_on
                0x040136a8       0xb4 common/built-in.o
 .text.usb_get_hub_descriptor
                0x0401375c       0x50 common/built-in.o
 .text.usb_hub_reset_devices
                0x040137ac        0x4 common/built-in.o
                0x040137ac                usb_hub_reset_devices
 .text.usb_hub_reset
                0x040137b0       0x14 common/built-in.o
                0x040137b0                usb_hub_reset
 .text.hub_port_reset
                0x040137c4       0xac common/built-in.o
                0x040137c4                hub_port_reset
 .text.usb_hub_port_connect_change
                0x04013870      0x120 common/built-in.o
                0x04013870                usb_hub_port_connect_change
 .text.usb_hub_configure
                0x04013990      0x2d8 common/built-in.o
 .text.usb_hub_probe
                0x04013c68       0x58 common/built-in.o
                0x04013c68                usb_hub_probe
 .text.usb_stor_irq
                0x04013cc0       0x1c common/built-in.o
 .text.usb_request_sense
                0x04013cdc       0x68 common/built-in.o
 .text.usb_stor_BBB_reset
                0x04013d44       0xd4 common/built-in.o
 .text.usb_stor_CB_reset
                0x04013e18       0xcc common/built-in.o
 .text.usb_stor_BBB_clear_endpt_stall.isra.2
                0x04013ee4       0x40 common/built-in.o
 .text.usb_stor_BBB_transport
                0x04013f24      0x25c common/built-in.o
 .text.usb_stor_CB_comdat
                0x04014180      0x1fc common/built-in.o
 .text.usb_stor_CBI_get_status.isra.4
                0x0401437c       0xc4 common/built-in.o
 .text.usb_stor_CB_transport
                0x04014440      0x220 common/built-in.o
 .text.usb_stor_write
                0x04014660      0x1b0 common/built-in.o
                0x04014660                usb_stor_write
 .text.usb_stor_read
                0x04014810      0x1b0 common/built-in.o
                0x04014810                usb_stor_read
 .text.usb_stor_get_dev
                0x040149c0       0x28 common/built-in.o
                0x040149c0                usb_stor_get_dev
 .text.usb_stor_info
                0x040149e8       0x74 common/built-in.o
                0x040149e8                usb_stor_info
 .text.usb_storage_probe
                0x04014a5c      0x200 common/built-in.o
                0x04014a5c                usb_storage_probe
 .text.usb_stor_get_info
                0x04014c5c      0x31c common/built-in.o
                0x04014c5c                usb_stor_get_info
 .text.usb_stor_scan
                0x04014f78      0x1e4 common/built-in.o
                0x04014f78                usb_stor_scan
 .text.do_thor_down
                0x0401515c      0x104 common/built-in.o
                0x0401515c                do_thor_down
 .text.do_imgextract
                0x04015260      0x3ac common/built-in.o
 .text.do_spl   0x0401560c      0x1a0 common/built-in.o
 .text.do_dfu   0x040157ac       0xf4 common/built-in.o
 .text.do_env_delete
                0x040158a0       0xa4 common/built-in.o
 .text.do_env_save
                0x04015944       0x2c common/built-in.o
 .text.do_env   0x04015970       0x5c common/built-in.o
 .text.env_print
                0x040159cc       0xc0 common/built-in.o
 .text.do_env_print
                0x04015a8c       0xc8 common/built-in.o
 .text.do_env_import
                0x04015b54      0x25c common/built-in.o
 .text.do_env_default
                0x04015db0       0xb8 common/built-in.o
 .text._do_env_set.isra.1
                0x04015e68      0x1c4 common/built-in.o
 .text.do_env_set
                0x0401602c       0x1c common/built-in.o
 .text.get_env_id
                0x04016048       0x10 common/built-in.o
                0x04016048                get_env_id
 .text.setenv   0x04016058       0x58 common/built-in.o
                0x04016058                setenv
 .text.setenv_ulong
                0x040160b0       0x20 common/built-in.o
                0x040160b0                setenv_ulong
 .text.setenv_hex
                0x040160d0       0x34 common/built-in.o
                0x040160d0                setenv_hex
 .text.do_env_export
                0x04016104      0x274 common/built-in.o
 .text.envmatch
                0x04016378       0x70 common/built-in.o
                0x04016378                envmatch
 .text.getenv_f
                0x040163e8       0xc8 common/built-in.o
                0x040163e8                getenv_f
 .text.getenv   0x040164b0       0x78 common/built-in.o
                0x040164b0                getenv
 .text.getenv_hex
                0x04016528       0x3c common/built-in.o
                0x04016528                getenv_hex
 .text.getenv_ulong
                0x04016564       0x30 common/built-in.o
                0x04016564                getenv_ulong
 .text.do_env_edit
                0x04016594       0x74 common/built-in.o
 .text.__env_get_char_spec
                0x04016608        0xc common/built-in.o
                0x04016608                env_get_char_spec
 .text.env_get_addr
                0x04016614       0x20 common/built-in.o
                0x04016614                env_get_addr
 .text.env_get_char_memory
                0x04016634       0x10 common/built-in.o
                0x04016634                env_get_char_memory
 .text.env_get_char
                0x04016644       0x30 common/built-in.o
                0x04016644                env_get_char
 .text.getenv_yesno
                0x04016674       0x48 common/built-in.o
                0x04016674                getenv_yesno
 .text.getenv_default
                0x040166bc       0x30 common/built-in.o
                0x040166bc                getenv_default
 .text.set_default_env
                0x040166ec       0xbc common/built-in.o
                0x040166ec                set_default_env
 .text.set_default_vars
                0x040167a8       0x34 common/built-in.o
                0x040167a8                set_default_vars
 .text.env_import
                0x040167dc       0xe0 common/built-in.o
                0x040167dc                env_import
 .text.env_export
                0x040168bc       0xa4 common/built-in.o
                0x040168bc                env_export
 .text.env_relocate
                0x04016960       0x30 common/built-in.o
                0x04016960                env_relocate
 .text.env_complete
                0x04016990       0xdc common/built-in.o
                0x04016990                env_complete
 .text.console_setfile
                0x04016a6c       0xa0 common/built-in.o
 .text.fgetc    0x04016b0c       0x2c common/built-in.o
                0x04016b0c                fgetc
 .text.ftstc    0x04016b38       0x2c common/built-in.o
                0x04016b38                ftstc
 .text.fputc    0x04016b64       0x28 common/built-in.o
                0x04016b64                fputc
 .text.getc     0x04016b8c       0x24 common/built-in.o
                0x04016b8c                getc
 .text.tstc     0x04016bb0       0x24 common/built-in.o
                0x04016bb0                tstc
 .text.putc     0x04016bd4       0x28 common/built-in.o
                0x04016bd4                putc
 .text.puts     0x04016bfc       0x3c common/built-in.o
                0x04016bfc                puts
 .text.printf   0x04016c38       0x58 common/built-in.o
                0x04016c38                printf
 .text.vprintf  0x04016c90       0x40 common/built-in.o
                0x04016c90                vprintf
 .text.ctrlc    0x04016cd0       0x58 common/built-in.o
                0x04016cd0                ctrlc
 .text.had_ctrlc
                0x04016d28       0x10 common/built-in.o
                0x04016d28                had_ctrlc
 .text.clear_ctrlc
                0x04016d38       0x14 common/built-in.o
                0x04016d38                clear_ctrlc
 .text.search_device
                0x04016d4c       0x28 common/built-in.o
                0x04016d4c                search_device
 .text.console_assign
                0x04016d74       0x44 common/built-in.o
                0x04016d74                console_assign
 .text.on_console
                0x04016db8       0xb8 common/built-in.o
 .text.console_init_f
                0x04016e70       0x10 common/built-in.o
                0x04016e70                console_init_f
 .text.stdio_print_current_devices
                0x04016e80       0xb0 common/built-in.o
                0x04016e80                stdio_print_current_devices
 .text.console_init_r
                0x04016f30       0xd4 common/built-in.o
                0x04016f30                console_init_r
 .text.sbrk     0x04017004       0x70 common/built-in.o
                0x04017004                sbrk
 .text.mem_malloc_init
                0x04017074       0x34 common/built-in.o
                0x04017074                mem_malloc_init
 .text.malloc_trim
                0x040170a8       0xcc common/built-in.o
                0x040170a8                malloc_trim
 .text.free     0x04017174      0x230 common/built-in.o
                0x04017174                free
 .text.malloc   0x040173a4      0x5dc common/built-in.o
                0x040173a4                malloc
 .text.calloc   0x04017980       0xdc common/built-in.o
                0x04017980                calloc
 .text.realloc  0x04017a5c      0x4c0 common/built-in.o
                0x04017a5c                realloc
 .text.memalign
                0x04017f1c      0x10c common/built-in.o
                0x04017f1c                memalign
 .text.on_loadaddr
                0x04018028       0x38 common/built-in.o
 .text.image_check_hcrc
                0x04018060       0x4c common/built-in.o
                0x04018060                image_check_hcrc
 .text.image_check_dcrc
                0x040180ac       0x38 common/built-in.o
                0x040180ac                image_check_dcrc
 .text.image_multi_count
                0x040180e4       0x1c common/built-in.o
                0x040180e4                image_multi_count
 .text.image_multi_getimg
                0x04018100       0x80 common/built-in.o
                0x04018100                image_multi_getimg
 .text.getenv_bootm_low
                0x04018180       0x28 common/built-in.o
                0x04018180                getenv_bootm_low
 .text.getenv_bootm_size
                0x040181a8       0x5c common/built-in.o
                0x040181a8                getenv_bootm_size
 .text.getenv_bootm_mapsize
                0x04018204       0x30 common/built-in.o
                0x04018204                getenv_bootm_mapsize
 .text.memmove_wd
                0x04018234        0xc common/built-in.o
                0x04018234                memmove_wd
 .text.genimg_print_size
                0x04018240       0x30 common/built-in.o
                0x04018240                genimg_print_size
 .text.get_table_entry_name
                0x04018270       0x2c common/built-in.o
                0x04018270                get_table_entry_name
 .text.genimg_get_os_name
                0x0401829c       0x18 common/built-in.o
                0x0401829c                genimg_get_os_name
 .text.genimg_get_arch_name
                0x040182b4       0x18 common/built-in.o
                0x040182b4                genimg_get_arch_name
 .text.genimg_get_type_name
                0x040182cc       0x18 common/built-in.o
                0x040182cc                genimg_get_type_name
 .text.genimg_get_comp_name
                0x040182e4       0x18 common/built-in.o
                0x040182e4                genimg_get_comp_name
 .text.image_print_contents
                0x040182fc      0x16c common/built-in.o
                0x040182fc                image_print_contents
 .text.get_table_entry_id
                0x04018468       0x50 common/built-in.o
                0x04018468                get_table_entry_id
 .text.genimg_get_os_id
                0x040184b8       0x18 common/built-in.o
                0x040184b8                genimg_get_os_id
 .text.genimg_get_arch_id
                0x040184d0       0x18 common/built-in.o
                0x040184d0                genimg_get_arch_id
 .text.genimg_get_type_id
                0x040184e8       0x18 common/built-in.o
                0x040184e8                genimg_get_type_id
 .text.genimg_get_comp_id
                0x04018500       0x18 common/built-in.o
                0x04018500                genimg_get_comp_id
 .text.genimg_get_format
                0x04018518       0x38 common/built-in.o
                0x04018518                genimg_get_format
 .text.genimg_get_image
                0x04018550        0x4 common/built-in.o
                0x04018550                genimg_get_image
 .text.genimg_has_config
                0x04018554       0x10 common/built-in.o
                0x04018554                genimg_has_config
 .text.boot_get_ramdisk
                0x04018564      0x33c common/built-in.o
                0x04018564                boot_get_ramdisk
 .text.boot_ramdisk_high
                0x040188a0      0x128 common/built-in.o
                0x040188a0                boot_ramdisk_high
 .text.image_setup_linux
                0x040189c8       0x8c common/built-in.o
                0x040189c8                image_setup_linux
 .text.fdt_error
                0x04018a54       0x2c common/built-in.o
 .text.boot_fdt_add_mem_rsv_regions
                0x04018a80       0x88 common/built-in.o
                0x04018a80                boot_fdt_add_mem_rsv_regions
 .text.boot_relocate_fdt
                0x04018b08      0x194 common/built-in.o
                0x04018b08                boot_relocate_fdt
 .text.boot_get_fdt
                0x04018c9c      0x384 common/built-in.o
                0x04018c9c                boot_get_fdt
 .text.ft_verify_fdt
                0x04019020        0x8 common/built-in.o
                0x04019020                ft_verify_fdt
 .text.image_setup_libfdt
                0x04019028       0xd0 common/built-in.o
                0x04019028                image_setup_libfdt
 .text.fit_parse_conf
                0x040190f8       0x64 common/built-in.o
                0x040190f8                fit_parse_conf
 .text.fit_parse_subimage
                0x0401915c       0x64 common/built-in.o
                0x0401915c                fit_parse_subimage
 .text.fit_get_desc
                0x040191c0       0x30 common/built-in.o
                0x040191c0                fit_get_desc
 .text.fit_image_get_node
                0x040191f0       0x30 common/built-in.o
                0x040191f0                fit_image_get_node
 .text.fit_image_get_os
                0x04019220       0x3c common/built-in.o
                0x04019220                fit_image_get_os
 .text.fit_image_get_arch
                0x0401925c       0x3c common/built-in.o
                0x0401925c                fit_image_get_arch
 .text.fit_image_get_type
                0x04019298       0x3c common/built-in.o
                0x04019298                fit_image_get_type
 .text.fit_image_get_comp
                0x040192d4       0x3c common/built-in.o
                0x040192d4                fit_image_get_comp
 .text.fit_image_get_load
                0x04019310       0x38 common/built-in.o
                0x04019310                fit_image_get_load
 .text.fit_image_get_entry
                0x04019348       0x38 common/built-in.o
                0x04019348                fit_image_get_entry
 .text.fit_image_get_data
                0x04019380       0x40 common/built-in.o
                0x04019380                fit_image_get_data
 .text.fit_image_hash_get_algo
                0x040193c0       0x30 common/built-in.o
                0x040193c0                fit_image_hash_get_algo
 .text.fit_image_hash_get_value
                0x040193f0       0x40 common/built-in.o
                0x040193f0                fit_image_hash_get_value
 .text.fit_image_print_data
                0x04019430      0x140 common/built-in.o
 .text.fit_image_print
                0x04019570      0x324 common/built-in.o
                0x04019570                fit_image_print
 .text.calculate_hash
                0x04019894       0xfc common/built-in.o
                0x04019894                calculate_hash
 .text.fit_image_verify
                0x04019990      0x218 common/built-in.o
                0x04019990                fit_image_verify
 .text.fit_all_image_verify
                0x04019ba8       0xe4 common/built-in.o
                0x04019ba8                fit_all_image_verify
 .text.fit_image_check_os
                0x04019c8c       0x34 common/built-in.o
                0x04019c8c                fit_image_check_os
 .text.fit_image_check_arch
                0x04019cc0       0x34 common/built-in.o
                0x04019cc0                fit_image_check_arch
 .text.fit_image_check_type
                0x04019cf4       0x34 common/built-in.o
                0x04019cf4                fit_image_check_type
 .text.fit_image_check_comp
                0x04019d28       0x34 common/built-in.o
                0x04019d28                fit_image_check_comp
 .text.fit_check_format
                0x04019d5c       0x40 common/built-in.o
                0x04019d5c                fit_check_format
 .text.fit_conf_get_node
                0x04019d9c       0x68 common/built-in.o
                0x04019d9c                fit_conf_get_node
 .text.fit_conf_get_prop_node
                0x04019e04       0x2c common/built-in.o
                0x04019e04                fit_conf_get_prop_node
 .text.fit_conf_print
                0x04019e30      0x108 common/built-in.o
                0x04019e30                fit_conf_print
 .text.fit_print_contents
                0x04019f38      0x1e4 common/built-in.o
                0x04019f38                fit_print_contents
 .text.fit_image_select
                0x0401a11c       0x6c common/built-in.o
                0x0401a11c                fit_image_select
 .text.fit_get_node_from_config
                0x0401a188       0x44 common/built-in.o
                0x0401a188                fit_get_node_from_config
 .text.fit_image_load
                0x0401a1cc      0x4a0 common/built-in.o
                0x0401a1cc                fit_image_load
 .text.get_effective_memsize
                0x0401a66c        0x8 common/built-in.o
                0x0401a66c                get_effective_memsize
 .text.stdio_get_list
                0x0401a674        0xc common/built-in.o
                0x0401a674                stdio_get_list
 .text.stdio_get_by_name
                0x0401a680       0x4c common/built-in.o
                0x0401a680                stdio_get_by_name
 .text.stdio_clone
                0x0401a6cc       0x40 common/built-in.o
                0x0401a6cc                stdio_clone
 .text.stdio_register
                0x0401a70c       0x3c common/built-in.o
                0x0401a70c                stdio_register
 .text.stdio_init
                0x0401a748       0x90 common/built-in.o
                0x0401a748                stdio_init
 .text.get_dev_hwpart
                0x0401a7d8       0xa4 disk/built-in.o
                0x0401a7d8                get_dev_hwpart
 .text.get_dev  0x0401a87c        0x8 disk/built-in.o
                0x0401a87c                get_dev
 .text.dev_print
                0x0401a884      0x218 disk/built-in.o
                0x0401a884                dev_print
 .text.init_part
                0x0401aa9c       0x20 disk/built-in.o
                0x0401aa9c                init_part
 .text.print_part
                0x0401aabc       0xf8 disk/built-in.o
                0x0401aabc                print_part
 .text.get_partition_info
                0x0401abb4       0x28 disk/built-in.o
                0x0401abb4                get_partition_info
 .text.get_device
                0x0401abdc      0x118 disk/built-in.o
                0x0401abdc                get_device
 .text.get_device_and_partition
                0x0401acf4      0x458 disk/built-in.o
                0x0401acf4                get_device_and_partition
 .text.test_block_type
                0x0401b14c       0x7c disk/built-in.o
 .text.print_partition_extended
                0x0401b1c8      0x25c disk/built-in.o
 .text.get_partition_info_extended.constprop.2
                0x0401b424      0x2e8 disk/built-in.o
 .text.test_part_dos
                0x0401b70c       0x60 disk/built-in.o
                0x0401b70c                test_part_dos
 .text.print_part_dos
                0x0401b76c       0x34 disk/built-in.o
                0x0401b76c                print_part_dos
 .text.get_partition_info_dos
                0x0401b7a0       0x20 disk/built-in.o
                0x0401b7a0                get_partition_info_dos
 .text.fpga_no_sup
                0x0401b7c0       0x4c drivers/built-in.o
 .text.fpga_get_desc
                0x0401b80c       0x34 drivers/built-in.o
                0x0401b80c                fpga_get_desc
 .text.fpga_dev_info
                0x0401b840       0x9c drivers/built-in.o
 .text.fpga_validate
                0x0401b8dc       0x54 drivers/built-in.o
                0x0401b8dc                fpga_validate
 .text.fpga_init
                0x0401b930       0x20 drivers/built-in.o
                0x0401b930                fpga_init
 .text.fpga_count
                0x0401b950       0x10 drivers/built-in.o
                0x0401b950                fpga_count
 .text.fpga_add
                0x0401b960       0xa0 drivers/built-in.o
                0x0401b960                fpga_add
 .text.fpga_loadbitstream
                0x0401ba00      0x274 drivers/built-in.o
                0x0401ba18                fpga_loadbitstream
 .text.fpga_fsload
                0x0401bc74       0x60 drivers/built-in.o
                0x0401bc74                fpga_fsload
 .text.fpga_load
                0x0401bcd4       0x94 drivers/built-in.o
                0x0401bcd4                fpga_load
 .text.fpga_dump
                0x0401bd68       0x8c drivers/built-in.o
                0x0401bd68                fpga_dump
 .text.fpga_info
                0x0401bdf4       0x74 drivers/built-in.o
                0x0401bdf4                fpga_info
 .text.zynq_info
                0x0401be68        0x8 drivers/built-in.o
 .text.zynq_dump
                0x0401be70        0x8 drivers/built-in.o
 .text.zynq_dma_transfer.constprop.4
                0x0401be78       0xa0 drivers/built-in.o
 .text.load_word
                0x0401bf18       0x48 drivers/built-in.o
 .text.zynq_align_dma_buffer
                0x0401bf60       0xc4 drivers/built-in.o
 .text.zynq_validate_bitstream.isra.3
                0x0401c024      0x264 drivers/built-in.o
 .text.zynq_loadfs
                0x0401c288      0x1a8 drivers/built-in.o
 .text.zynq_load
                0x0401c430       0xd8 drivers/built-in.o
 .text.xilinx_validate
                0x0401c508       0x78 drivers/built-in.o
 .text.xilinx_load
                0x0401c580       0x80 drivers/built-in.o
                0x0401c580                xilinx_load
 .text.xilinx_loadfs
                0x0401c600       0x78 drivers/built-in.o
                0x0401c600                xilinx_loadfs
 .text.xilinx_dump
                0x0401c678       0x78 drivers/built-in.o
                0x0401c678                xilinx_dump
 .text.xilinx_info
                0x0401c6f0      0x1c8 drivers/built-in.o
                0x0401c6f0                xilinx_info
 .text.dfu_write_buffer_drain
                0x0401c8b8       0xa8 drivers/built-in.o
 .text.dfu_reset
                0x0401c960       0x10 drivers/built-in.o
                0x0401c960                dfu_reset
 .text.dfu_trigger_reset
                0x0401c970       0x14 drivers/built-in.o
                0x0401c970                dfu_trigger_reset
 .text.dfu_free_buf
                0x0401c984       0x20 drivers/built-in.o
                0x0401c984                dfu_free_buf
 .text.dfu_get_buf_size
                0x0401c9a4       0x10 drivers/built-in.o
                0x0401c9a4                dfu_get_buf_size
 .text.dfu_get_buf
                0x0401c9b4       0x88 drivers/built-in.o
                0x0401c9b4                dfu_get_buf
 .text.dfu_flush
                0x0401ca3c       0x9c drivers/built-in.o
                0x0401ca3c                dfu_flush
 .text.dfu_write
                0x0401cad8      0x170 drivers/built-in.o
                0x0401cad8                dfu_write
 .text.dfu_read
                0x0401cc48      0x2ac drivers/built-in.o
                0x0401cc48                dfu_read
 .text.dfu_free_entities
                0x0401cef4       0x84 drivers/built-in.o
                0x0401cef4                dfu_free_entities
 .text.dfu_config_entities
                0x0401cf78      0x244 drivers/built-in.o
                0x0401cf78                dfu_config_entities
 .text.dfu_init_env_entities
                0x0401d1bc       0x90 drivers/built-in.o
                0x0401d1bc                dfu_init_env_entities
 .text.dfu_get_dev_type
                0x0401d24c       0x3c drivers/built-in.o
                0x0401d24c                dfu_get_dev_type
 .text.dfu_get_layout
                0x0401d288       0x3c drivers/built-in.o
                0x0401d288                dfu_get_layout
 .text.dfu_show_entities
                0x0401d2c4       0x74 drivers/built-in.o
                0x0401d2c4                dfu_show_entities
 .text.dfu_get_alt_number
                0x0401d338       0x10 drivers/built-in.o
                0x0401d338                dfu_get_alt_number
 .text.dfu_get_entity
                0x0401d348       0x40 drivers/built-in.o
                0x0401d348                dfu_get_entity
 .text.dfu_get_alt
                0x0401d388       0x64 drivers/built-in.o
                0x0401d388                dfu_get_alt
 .text.mmc_file_op
                0x0401d3ec      0x1a0 drivers/built-in.o
 .text.mmc_access_part.isra.0
                0x0401d58c       0x68 drivers/built-in.o
 .text.mmc_block_op
                0x0401d5f4      0x1bc drivers/built-in.o
 .text.dfu_write_medium_mmc
                0x0401d7b0       0xb4 drivers/built-in.o
                0x0401d7b0                dfu_write_medium_mmc
 .text.dfu_flush_medium_mmc
                0x0401d864       0x44 drivers/built-in.o
                0x0401d864                dfu_flush_medium_mmc
 .text.dfu_get_medium_size_mmc
                0x0401d8a8       0x78 drivers/built-in.o
                0x0401d8a8                dfu_get_medium_size_mmc
 .text.dfu_read_medium_mmc
                0x0401d920       0x6c drivers/built-in.o
                0x0401d920                dfu_read_medium_mmc
 .text.dfu_fill_entity_mmc
                0x0401d98c      0x2b0 drivers/built-in.o
                0x0401d98c                dfu_fill_entity_mmc
 .text.dfu_get_medium_size_ram
                0x0401dc3c        0x8 drivers/built-in.o
                0x0401dc3c                dfu_get_medium_size_ram
 .text.dfu_write_medium_ram
                0x0401dc44       0x9c drivers/built-in.o
 .text.dfu_read_medium_ram
                0x0401dce0       0x9c drivers/built-in.o
 .text.dfu_fill_entity_ram
                0x0401dd7c       0xe8 drivers/built-in.o
                0x0401dd7c                dfu_fill_entity_ram
 .text.i2c_get_adapter
                0x0401de64       0x64 drivers/i2c/built-in.o
                0x0401de64                i2c_get_adapter
 .text.i2c_init_bus
                0x0401dec8       0x90 drivers/i2c/built-in.o
 .text.i2c_get_bus_num
                0x0401df58        0x8 drivers/i2c/built-in.o
                0x0401df58                i2c_get_bus_num
 .text.i2c_set_bus_num
                0x0401df60       0xbc drivers/i2c/built-in.o
                0x0401df60                i2c_set_bus_num
 .text.i2c_init_all
                0x0401e01c       0x14 drivers/i2c/built-in.o
                0x0401e01c                i2c_init_all
 .text.i2c_probe
                0x0401e030       0x28 drivers/i2c/built-in.o
                0x0401e030                i2c_probe
 .text.i2c_read
                0x0401e058       0x4c drivers/i2c/built-in.o
                0x0401e058                i2c_read
 .text.i2c_write
                0x0401e0a4       0x4c drivers/i2c/built-in.o
                0x0401e0a4                i2c_write
 .text.i2c_set_bus_speed
                0x0401e0f0       0x64 drivers/i2c/built-in.o
                0x0401e0f0                i2c_set_bus_speed
 .text.i2c_get_bus_speed
                0x0401e154       0x14 drivers/i2c/built-in.o
                0x0401e154                i2c_get_bus_speed
 .text.__i2c_init
                0x0401e168       0x14 drivers/i2c/built-in.o
                0x0401e168                __i2c_init
                0x0401e168                i2c_init
 .text.zynq_i2c_init
                0x0401e17c       0x34 drivers/i2c/built-in.o
 .text.zynq_i2c_set_bus_speed
                0x0401e1b0       0x18 drivers/i2c/built-in.o
 .text.zynq_i2c_wait
                0x0401e1c8       0x38 drivers/i2c/built-in.o
 .text.zynq_i2c_write
                0x0401e200      0x104 drivers/i2c/built-in.o
 .text.zynq_i2c_read
                0x0401e304      0x134 drivers/i2c/built-in.o
 .text.zynq_i2c_probe
                0x0401e438       0x68 drivers/i2c/built-in.o
 .text.mmc_set_ios
                0x0401e4a0       0x20 drivers/mmc/built-in.o
 .text.mmc_set_capacity
                0x0401e4c0       0xac drivers/mmc/built-in.o
 .text.board_mmc_getwp
                0x0401e56c        0x8 drivers/mmc/built-in.o
                0x0401e56c                board_mmc_getwp
 .text.mmc_getwp
                0x0401e574       0x3c drivers/mmc/built-in.o
                0x0401e574                mmc_getwp
 .text.__board_mmc_getcd
                0x0401e5b0        0x8 drivers/mmc/built-in.o
                0x0401e5b0                __board_mmc_getcd
                0x0401e5b0                board_mmc_getcd
 .text.mmc_send_cmd
                0x0401e5b8       0x18 drivers/mmc/built-in.o
                0x0401e5b8                mmc_send_cmd
 .text.mmc_go_idle
                0x0401e5d0       0x4c drivers/mmc/built-in.o
 .text.mmc_send_op_cond_iter
                0x0401e61c       0x84 drivers/mmc/built-in.o
 .text.mmc_send_ext_csd
                0x0401e6a0       0x4c drivers/mmc/built-in.o
 .text.mmc_send_status
                0x0401e6ec       0xcc drivers/mmc/built-in.o
                0x0401e6ec                mmc_send_status
 .text.mmc_switch.isra.1
                0x0401e7b8       0x54 drivers/mmc/built-in.o
 .text.mmc_set_blocklen
                0x0401e80c       0x3c drivers/mmc/built-in.o
                0x0401e80c                mmc_set_blocklen
 .text.find_mmc_device
                0x0401e848       0x4c drivers/mmc/built-in.o
                0x0401e848                find_mmc_device
 .text.mmc_bread
                0x0401e894      0x13c drivers/mmc/built-in.o
 .text.mmc_send_op_cond
                0x0401e9d0       0x74 drivers/mmc/built-in.o
                0x0401e9d0                mmc_send_op_cond
 .text.mmc_complete_op_cond
                0x0401ea44       0x8c drivers/mmc/built-in.o
                0x0401ea44                mmc_complete_op_cond
 .text.mmc_switch_part
                0x0401ead0       0x4c drivers/mmc/built-in.o
                0x0401ead0                mmc_switch_part
 .text.mmc_select_hwpart
                0x0401eb1c       0x6c drivers/mmc/built-in.o
                0x0401eb1c                mmc_select_hwpart
 .text.mmc_getcd
                0x0401eb88       0x3c drivers/mmc/built-in.o
                0x0401eb88                mmc_getcd
 .text.mmc_set_clock
                0x0401ebc4       0x24 drivers/mmc/built-in.o
                0x0401ebc4                mmc_set_clock
 .text.mmc_startup
                0x0401ebe8      0xb88 drivers/mmc/built-in.o
 .text.mmc_create
                0x0401f770       0xfc drivers/mmc/built-in.o
                0x0401f770                mmc_create
 .text.mmc_start_init
                0x0401f86c      0x224 drivers/mmc/built-in.o
                0x0401f86c                mmc_start_init
 .text.mmc_init
                0x0401fa90       0x8c drivers/mmc/built-in.o
                0x0401fa90                mmc_init
 .text.mmc_get_dev
                0x0401fb1c       0x2c drivers/mmc/built-in.o
                0x0401fb1c                mmc_get_dev
 .text.mmc_set_dsr
                0x0401fb48        0xc drivers/mmc/built-in.o
                0x0401fb48                mmc_set_dsr
 .text.__def_mmc_init
                0x0401fb54        0x8 drivers/mmc/built-in.o
                0x0401fb54                cpu_mmc_init
 .text.print_mmc_devices
                0x0401fb5c       0x6c drivers/mmc/built-in.o
                0x0401fb5c                print_mmc_devices
 .text.get_mmc_num
                0x0401fbc8       0x10 drivers/mmc/built-in.o
                0x0401fbc8                get_mmc_num
 .text.mmc_initialize
                0x0401fbd8       0x78 drivers/mmc/built-in.o
                0x0401fbd8                mmc_initialize
 .text.sdhci_set_ios
                0x0401fc50      0x1d4 drivers/mmc/built-in.o
                0x0401fc50                sdhci_set_ios
 .text.sdhci_init
                0x0401fe24      0x198 drivers/mmc/built-in.o
                0x0401fe24                sdhci_init
 .text.sdhci_reset
                0x0401ffbc       0x60 drivers/mmc/built-in.o
 .text.sdhci_send_command
                0x0402001c      0x3d4 drivers/mmc/built-in.o
                0x0402001c                sdhci_send_command
 .text.add_sdhci
                0x040203f0      0x160 drivers/mmc/built-in.o
                0x040203f0                add_sdhci
 .text.zynq_sdhci_init
                0x04020550       0x70 drivers/mmc/built-in.o
                0x04020550                zynq_sdhci_init
 .text.mmc_berase
                0x040205c0      0x190 drivers/mmc/built-in.o
                0x040205c0                mmc_berase
 .text.mmc_bwrite
                0x04020750      0x160 drivers/mmc/built-in.o
                0x04020750                mmc_bwrite
 .text.spi_flash_read_write
                0x040208b0       0x84 drivers/mtd/spi/built-in.o
 .text.spi_flash_cmd_read
                0x04020934       0x20 drivers/mtd/spi/built-in.o
                0x04020934                spi_flash_cmd_read
 .text.spi_flash_cmd
                0x04020954       0x2c drivers/mtd/spi/built-in.o
                0x04020954                spi_flash_cmd
 .text.spi_flash_cmd_write
                0x04020980       0x20 drivers/mtd/spi/built-in.o
                0x04020980                spi_flash_cmd_write
 .text.spi_flash_set_qeb
                0x040209a0       0x6c drivers/mtd/spi/built-in.o
 .text.spi_flash_probe
                0x04020a0c      0x480 drivers/mtd/spi/built-in.o
                0x04020a0c                spi_flash_probe
 .text.spi_flash_free
                0x04020e8c       0x1c drivers/mtd/spi/built-in.o
                0x04020e8c                spi_flash_free
 .text.spi_flash_dual_flash
                0x04020ea8       0x5c drivers/mtd/spi/built-in.o
 .text.spi_flash_cmd_wait_ready
                0x04020f04       0xe8 drivers/mtd/spi/built-in.o
                0x04020f04                spi_flash_cmd_wait_ready
 .text.spi_flash_write_common
                0x04020fec       0x9c drivers/mtd/spi/built-in.o
                0x04020fec                spi_flash_write_common
 .text.spi_flash_bank
                0x04021088       0x94 drivers/mtd/spi/built-in.o
 .text.spi_flash_cmd_erase_ops
                0x0402111c       0xe0 drivers/mtd/spi/built-in.o
                0x0402111c                spi_flash_cmd_erase_ops
 .text.spi_flash_cmd_write_ops
                0x040211fc       0xec drivers/mtd/spi/built-in.o
                0x040211fc                spi_flash_cmd_write_ops
 .text.spi_flash_read_common
                0x040212e8       0x5c drivers/mtd/spi/built-in.o
                0x040212e8                spi_flash_read_common
 .text.spi_flash_cmd_read_status
                0x04021344       0x2c drivers/mtd/spi/built-in.o
                0x04021344                spi_flash_cmd_read_status
 .text.spi_flash_cmd_write_config
                0x04021370       0x4c drivers/mtd/spi/built-in.o
                0x04021370                spi_flash_cmd_write_config
 .text.spi_flash_cmd_read_config
                0x040213bc       0x2c drivers/mtd/spi/built-in.o
                0x040213bc                spi_flash_cmd_read_config
 .text.spi_flash_cmd_read_ops
                0x040213e8      0x1a0 drivers/mtd/spi/built-in.o
                0x040213e8                spi_flash_cmd_read_ops
 .text.zynq_gem_setup_mac
                0x04021588       0x70 drivers/net/built-in.o
 .text.zynq_gem_halt
                0x040215f8       0x14 drivers/net/built-in.o
 .text.phy_setup_op
                0x0402160c       0x94 drivers/net/built-in.o
 .text.zynq_gem_miiphy_write
                0x040216a0       0x2c drivers/net/built-in.o
 .text.zynq_gem_recv
                0x040216cc       0xd8 drivers/net/built-in.o
 .text.zynq_gem_send
                0x040217a4       0xac drivers/net/built-in.o
 .text.zynq_gem_miiphyread
                0x04021850       0x24 drivers/net/built-in.o
 .text.zynq_gem_init
                0x04021874      0x290 drivers/net/built-in.o
 .text.zynq_gem_initialize
                0x04021b04      0x128 drivers/net/built-in.o
                0x04021b04                zynq_gem_initialize
 .text.genphy_shutdown
                0x04021c2c        0x8 drivers/net/phy/built-in.o
                0x04021c2c                genphy_shutdown
 .text.generic_ffs
                0x04021c34       0x50 drivers/net/phy/built-in.o
 .text.phy_device_create
                0x04021c84       0xe4 drivers/net/phy/built-in.o
 .text.genphy_restart_aneg
                0x04021d68       0x5c drivers/net/phy/built-in.o
                0x04021d68                genphy_restart_aneg
 .text.genphy_config_aneg
                0x04021dc4      0x1dc drivers/net/phy/built-in.o
                0x04021dc4                genphy_config_aneg
 .text.genphy_config
                0x04021fa0       0xb4 drivers/net/phy/built-in.o
                0x04021fa0                genphy_config
 .text.genphy_update_link
                0x04022054      0x140 drivers/net/phy/built-in.o
                0x04022054                genphy_update_link
 .text.genphy_parse_link
                0x04022194      0x190 drivers/net/phy/built-in.o
                0x04022194                genphy_parse_link
 .text.genphy_startup
                0x04022324       0x1c drivers/net/phy/built-in.o
                0x04022324                genphy_startup
 .text.phy_init
                0x04022340       0x10 drivers/net/phy/built-in.o
                0x04022340                phy_init
 .text.phy_register
                0x04022350       0x28 drivers/net/phy/built-in.o
                0x04022350                phy_register
 .text.get_phy_id
                0x04022378       0x70 drivers/net/phy/built-in.o
                0x04022378                get_phy_id
 .text.get_phy_device_by_mask
                0x040223e8      0x134 drivers/net/phy/built-in.o
 .text.phy_reset
                0x0402251c       0xac drivers/net/phy/built-in.o
                0x0402251c                phy_reset
 .text.phy_find_by_mask
                0x040225c8       0x3c drivers/net/phy/built-in.o
                0x040225c8                phy_find_by_mask
 .text.phy_connect_dev
                0x04022604       0x44 drivers/net/phy/built-in.o
                0x04022604                phy_connect_dev
 .text.phy_connect
                0x04022648       0x50 drivers/net/phy/built-in.o
                0x04022648                phy_connect
 .text.phy_startup
                0x04022698       0x24 drivers/net/phy/built-in.o
                0x04022698                phy_startup
 .text.__board_phy_config
                0x040226bc       0x24 drivers/net/phy/built-in.o
                0x040226bc                board_phy_config
 .text.phy_config
                0x040226e0       0x10 drivers/net/phy/built-in.o
                0x040226e0                phy_config
 .text.m88e1xxx_parse_status
                0x040226f0      0x10c drivers/net/phy/built-in.o
 .text.m88e1011s_startup
                0x040227fc       0x1c drivers/net/phy/built-in.o
 .text.m88e1118_startup
                0x04022818       0x44 drivers/net/phy/built-in.o
 .text.m88e1145_startup
                0x0402285c       0x40 drivers/net/phy/built-in.o
 .text.m88e1011s_config
                0x0402289c       0xf8 drivers/net/phy/built-in.o
 .text.m88e1121_config
                0x04022994       0xcc drivers/net/phy/built-in.o
 .text.m88e1111s_config
                0x04022a60      0x324 drivers/net/phy/built-in.o
 .text.m88e1118_config
                0x04022d84       0xc4 drivers/net/phy/built-in.o
 .text.m88e1145_config
                0x04022e48      0x10c drivers/net/phy/built-in.o
 .text.m88e1149_config
                0x04022f54       0xc4 drivers/net/phy/built-in.o
 .text.m88e1310_config
                0x04023018      0x164 drivers/net/phy/built-in.o
 .text.phy_marvell_init
                0x0402317c       0x78 drivers/net/phy/built-in.o
                0x0402317c                phy_marvell_init
 .text.get_current
                0x040231f4       0x40 drivers/serial/built-in.o
 .text.serial_null
                0x04023234        0x4 drivers/serial/built-in.o
                0x04023234                jz_serial_initialize
                0x04023234                bfin_serial_initialize
                0x04023234                p3mx_serial_initialize
                0x04023234                leon2_serial_initialize
                0x04023234                leon3_serial_initialize
                0x04023234                amirix_serial_initialize
                0x04023234                marvell_serial_initialize
                0x04023234                cpci750_serial_initialize
                0x04023234                ns16550_serial_initialize
                0x04023234                asc_serial_initialize
                0x04023234                altera_serial_initialize
                0x04023234                oc_serial_initialize
                0x04023234                sh_serial_initialize
                0x04023234                mxs_auart_initialize
                0x04023234                arm_dcc_initialize
                0x04023234                bmw_serial_initialize
                0x04023234                arc_serial_initialize
                0x04023234                mcf_serial_initialize
                0x04023234                lh7a40x_serial_initialize
                0x04023234                evb64260_serial_initialize
                0x04023234                lpc32xx_serial_initialize
                0x04023234                max3100_serial_initialize
                0x04023234                mpc85xx_serial_initialize
                0x04023234                imx_serial_initialize
                0x04023234                bfin_jtag_initialize
                0x04023234                cogent_serial_initialize
                0x04023234                clps7111_serial_initialize
                0x04023234                ml2_serial_initialize
                0x04023234                sandbox_serial_initialize